Archive member included to satisfy reference by file (symbol)

app/libapp.a(main.c.obj)      (--whole-archive)
app/libapp.a(imu.c.obj)       (--whole-archive)
app/libapp.a(ble_raw_data.c.obj)
                              (--whole-archive)
app/libapp.a(imu_mouse.c.obj)
                              (--whole-archive)
zephyr/libzephyr.a(crc32c_sw.c.obj)
                              (--whole-archive)
zephyr/libzephyr.a(crc32_sw.c.obj)
                              (--whole-archive)
zephyr/libzephyr.a(crc16_sw.c.obj)
                              (--whole-archive)
zephyr/libzephyr.a(crc8_sw.c.obj)
                              (--whole-archive)
zephyr/libzephyr.a(crc7_sw.c.obj)
                              (--whole-archive)
zephyr/libzephyr.a(crc4_sw.c.obj)
                              (--whole-archive)
zephyr/libzephyr.a(cbprintf_packaged.c.obj)
                              (--whole-archive)
zephyr/libzephyr.a(dec.c.obj)
                              (--whole-archive)
zephyr/libzephyr.a(hex.c.obj)
                              (--whole-archive)
zephyr/libzephyr.a(printk.c.obj)
                              (--whole-archive)
zephyr/libzephyr.a(rb.c.obj)  (--whole-archive)
zephyr/libzephyr.a(sem.c.obj)
                              (--whole-archive)
zephyr/libzephyr.a(thread_entry.c.obj)
                              (--whole-archive)
zephyr/libzephyr.a(timeutil.c.obj)
                              (--whole-archive)
zephyr/libzephyr.a(heap.c.obj)
                              (--whole-archive)
zephyr/libzephyr.a(heap-validate.c.obj)
                              (--whole-archive)
zephyr/libzephyr.a(bitarray.c.obj)
                              (--whole-archive)
zephyr/libzephyr.a(multi_heap.c.obj)
                              (--whole-archive)
zephyr/libzephyr.a(onoff.c.obj)
                              (--whole-archive)
zephyr/libzephyr.a(notify.c.obj)
                              (--whole-archive)
zephyr/libzephyr.a(cbprintf_complete.c.obj)
                              (--whole-archive)
zephyr/libzephyr.a(assert.c.obj)
                              (--whole-archive)
zephyr/libzephyr.a(mpsc_pbuf.c.obj)
                              (--whole-archive)
zephyr/libzephyr.a(reboot.c.obj)
                              (--whole-archive)
zephyr/libzephyr.a(configs.c.obj)
                              (--whole-archive)
zephyr/libzephyr.a(nvs.c.obj)
                              (--whole-archive)
zephyr/libzephyr.a(ipc_service.c.obj)
                              (--whole-archive)
zephyr/libzephyr.a(ipc_rpmsg_static_vrings.c.obj)
                              (--whole-archive)
zephyr/libzephyr.a(ipc_rpmsg.c.obj)
                              (--whole-archive)
zephyr/libzephyr.a(ipc_static_vrings.c.obj)
                              (--whole-archive)
zephyr/libzephyr.a(log_core.c.obj)
                              (--whole-archive)
zephyr/libzephyr.a(log_mgmt.c.obj)
                              (--whole-archive)
zephyr/libzephyr.a(log_cache.c.obj)
                              (--whole-archive)
zephyr/libzephyr.a(log_msg.c.obj)
                              (--whole-archive)
zephyr/libzephyr.a(log_output.c.obj)
                              (--whole-archive)
zephyr/libzephyr.a(log_backend_uart.c.obj)
                              (--whole-archive)
zephyr/libzephyr.a(mem_attr.c.obj)
                              (--whole-archive)
zephyr/libzephyr.a(flash_map.c.obj)
                              (--whole-archive)
zephyr/libzephyr.a(flash_map_layout.c.obj)
                              (--whole-archive)
zephyr/libzephyr.a(tracing_none.c.obj)
                              (--whole-archive)
zephyr/libzephyr.a(dis.c.obj)
                              (--whole-archive)
zephyr/libzephyr.a(addr_utils.c.obj)
                              (--whole-archive)
zephyr/libzephyr.a(settings_store.c.obj)
                              (--whole-archive)
zephyr/libzephyr.a(settings.c.obj)
                              (--whole-archive)
zephyr/libzephyr.a(settings_init.c.obj)
                              (--whole-archive)
zephyr/libzephyr.a(settings_line.c.obj)
                              (--whole-archive)
zephyr/libzephyr.a(settings_nvs.c.obj)
                              (--whole-archive)
zephyr/libzephyr.a(gatt_pool.c.obj)
                              (--whole-archive)
zephyr/libzephyr.a(conn_ctx.c.obj)
                              (--whole-archive)
zephyr/libzephyr.a(hids.c.obj)
                              (--whole-archive)
zephyr/libzephyr.a(flash_map_partition_manager.c.obj)
                              (--whole-archive)
zephyr/libzephyr.a(utils.c.obj)
                              (--whole-archive)
zephyr/libzephyr.a(aes_decrypt.c.obj)
                              (--whole-archive)
zephyr/libzephyr.a(aes_encrypt.c.obj)
                              (--whole-archive)
zephyr/libzephyr.a(cmac_mode.c.obj)
                              (--whole-archive)
zephyr/libzephyr.a(sha256.c.obj)
[...]
Memory Configuration

Name             Origin             Length             Attributes
FLASH            0x0000000000000000 0x00000000000fc000 xr
RAM              0x0000000020000000 0x0000000000070000 xw
IDT_LIST         0x00000000ffff7fff 0x0000000000008000 xw
*default*        0x0000000000000000 0xffffffffffffffff

Linker script and memory map

                0x0000000000017424                vfprintf = __d_vfprintf
                0x0000000000000000                vfscanf = __d_vfscanf
LOAD zephyr/CMakeFiles/zephyr_pre0.dir/misc/empty_file.c.obj
LOAD zephyr/CMakeFiles/offsets.dir/./arch/arm/core/offsets/offsets.c.obj
LOAD app/libapp.a
LOAD zephyr/libzephyr.a
LOAD zephyr/arch/common/libarch__common.a
LOAD zephyr/arch/arch/arm/core/libarch__arm__core.a
LOAD zephyr/arch/arch/arm/core/cortex_m/libarch__arm__core__cortex_m.a
LOAD zephyr/arch/arch/arm/core/cortex_m/cmse/libarch__arm__core__cortex_m__cmse.a
LOAD zephyr/arch/arch/arm/core/mpu/libarch__arm__core__mpu.a
LOAD zephyr/lib/libc/picolibc/liblib__libc__picolibc.a
LOAD zephyr/lib/libc/common/liblib__libc__common.a
LOAD zephyr/soc/soc/arm/nordic_nrf/libsoc__arm__nordic_nrf.a
LOAD zephyr/boards/arm/nrf5340dk_nrf5340/libboards__arm__nrf5340dk_nrf5340.a
LOAD zephyr/subsys/bluetooth/common/libsubsys__bluetooth__common.a
LOAD zephyr/subsys/bluetooth/host/libsubsys__bluetooth__host.a
LOAD zephyr/subsys/bluetooth/crypto/libsubsys__bluetooth__crypto.a
LOAD zephyr/subsys/net/libsubsys__net.a
LOAD zephyr/drivers/bluetooth/libdrivers__bluetooth.a
LOAD zephyr/drivers/clock_control/libdrivers__clock_control.a
LOAD zephyr/drivers/console/libdrivers__console.a
LOAD zephyr/drivers/flash/libdrivers__flash.a
LOAD zephyr/drivers/gpio/libdrivers__gpio.a
LOAD zephyr/drivers/i2c/libdrivers__i2c.a
LOAD zephyr/drivers/mbox/libdrivers__mbox.a
LOAD zephyr/drivers/pinctrl/libdrivers__pinctrl.a
LOAD zephyr/drivers/serial/libdrivers__serial.a
LOAD zephyr/drivers/timer/libdrivers__timer.a
LOAD modules/nrf/lib/fatal_error/lib..__nrf__lib__fatal_error.a
LOAD modules/nrf/drivers/hw_cc3xx/lib..__nrf__drivers__hw_cc3xx.a
LOAD modules/hal_nordic/nrfx/libmodules__hal_nordic__nrfx.a
LOAD modules/libmetal/libmetal/lib/libmetal.a
LOAD modules/open-amp/open-amp/lib/libopen_amp.a
LOAD zephyr/kernel/libkernel.a
LOAD /opt/nordic/ncs/toolchains/580e4ef81c/opt/zephyr-sdk/arm-zephyr-eabi/bin/../lib/gcc/arm-zephyr-eabi/12.2.0/thumb/v8-m.main+fp/hard/libgcc.a
LOAD zephyr/arch/common/libisr_tables.a
LOAD /opt/nordic/ncs/v2.6.1/nrfxlib/crypto/nrf_cc312_platform/lib/cortex-m33/hard-float/no-interrupts/libnrf_cc312_platform_0.9.19.a
LOAD /opt/nordic/ncs/toolchains/580e4ef81c/opt/zephyr-sdk/arm-zephyr-eabi/bin/../lib/gcc/../../picolibc/arm-zephyr-eabi/lib/thumb/v8-m.main+fp/hard/libc.a
LOAD /opt/nordic/ncs/toolchains/580e4ef81c/opt/zephyr-sdk/arm-zephyr-eabi/bin/../lib/gcc/arm-zephyr-eabi/12.2.0/thumb/v8-m.main+fp/hard/libgcc.a
                0x0000000000000020                _region_min_align = 0x20

.rel.plt        0x0000000000000000        0x0
 *(SORT_BY_ALIGNMENT(.rel.plt))
                [!provide]                        PROVIDE (__rel_iplt_start = .)
 *(SORT_BY_ALIGNMENT(.rel.iplt))
 .rel.iplt      0x0000000000000000        0x0 app/libapp.a(main.c.obj)
                [!provide]                        PROVIDE (__rel_iplt_end = .)

.rela.plt       0x0000000000000000        0x0
 *(SORT_BY_ALIGNMENT(.rela.plt))
                [!provide]                        PROVIDE (__rela_iplt_start = .)
 *(SORT_BY_ALIGNMENT(.rela.iplt))
                [!provide]                        PROVIDE (__rela_iplt_end = .)

.rel.dyn
 *(SORT_BY_ALIGNMENT(.rel.*))

.rela.dyn
 *(SORT_BY_ALIGNMENT(.rela.*))

/DISCARD/
 *(SORT_BY_ALIGNMENT(.plt))

/DISCARD/
 *(SORT_BY_ALIGNMENT(.iplt))
                0x0000000000000000                __rom_region_start = 0x0

rom_start       0x0000000000000000      0x154
                0x0000000000000000                __rom_start_address = .
 FILL mask 0x00
                0x0000000000000000                . = (. + (0x0 - (. - __rom_start_address)))
                0x0000000000000000                . = ALIGN (0x4)
                0x0000000000000000                . = ALIGN (0x80)
                0x0000000000000000                . = ALIGN (0x200)
                0x0000000000000000                _vector_start = .
 *(SORT_BY_ALIGNMENT(.exc_vector_table))
 *(SORT_BY_ALIGNMENT(.exc_vector_table.*))
 .exc_vector_table._vector_table_section
                0x0000000000000000       0x40 zephyr/arch/arch/arm/core/cortex_m/libarch__arm__core__cortex_m.a(vector_table.S.obj)
                0x0000000000000000                _vector_table
 *(SORT_BY_ALIGNMENT(.vectors))
                0x0000000000000154                _vector_end = .
                0x0000000000000040                . = ALIGN (0x4)
 *(SORT_BY_ALIGNMENT(.gnu.linkonce.irq_vector_table*))
 .gnu.linkonce.irq_vector_table
                0x0000000000000040      0x114 zephyr/arch/common/libisr_tables.a(isr_tables.c.obj)
                0x0000000000000040                _irq_vector_table
                0x0000000000000154                _vector_end = .

text            0x0000000000000158    0x207c4
                0x0000000000000158                __text_region_start = .
 *(SORT_BY_ALIGNMENT(.text))
 .text          0x0000000000000158      0x378 /opt/nordic/ncs/toolchains/580e4ef81c/opt/zephyr-sdk/arm-zephyr-eabi/bin/../lib/gcc/arm-zephyr-eabi/12.2.0/thumb/v8-m.main+fp/hard/libgcc.a(_arm_addsubdf3.o)
                0x0000000000000158                __aeabi_drsub
                0x0000000000000160                __subdf3
                0x0000000000000160                __aeabi_dsub
                0x0000000000000164                __aeabi_dadd
                0x0000000000000164                __adddf3
                0x00000000000003dc                __aeabi_ui2d
                0x00000000000003dc                __floatunsidf
                0x00000000000003fc                __floatsidf
                0x00000000000003fc                __aeabi_i2d
                0x0000000000000420                __extendsfdf2
                0x0000000000000420                __aeabi_f2d
                0x0000000000000464                __aeabi_ul2d
                0x0000000000000464                __floatundidf
                0x0000000000000474                __aeabi_l2d
                0x0000000000000474                __floatdidf
 .text          0x00000000000004d0      0x424 /opt/nordic/ncs/toolchains/580e4ef81c/opt/zephyr-sdk/arm-zephyr-eabi/bin/../lib/gcc/arm-zephyr-eabi/12.2.0/thumb/v8-m.main+fp/hard/libgcc.a(_arm_muldivdf3.o)
                0x00000000000004d0                __aeabi_dmul
                0x00000000000004d0                __muldf3
                0x0000000000000724                __aeabi_ddiv
                0x0000000000000724                __divdf3
 .text          0x00000000000008f4       0xa0 /opt/nordic/ncs/toolchains/580e4ef81c/opt/zephyr-sdk/arm-zephyr-eabi/bin/../lib/gcc/arm-zephyr-eabi/12.2.0/thumb/v8-m.main+fp/hard/libgcc.a(_arm_truncdfsf2.o)
                0x00000000000008f4                __aeabi_d2f
                0x00000000000008f4                __truncdfsf2
 .text          0x0000000000000994       0x30 /opt/nordic/ncs/toolchains/580e4ef81c/opt/zephyr-sdk/arm-zephyr-eabi/bin/../lib/gcc/arm-zephyr-eabi/12.2.0/thumb/v8-m.main+fp/hard/libgcc.a(_aeabi_uldivmod.o)
                0x0000000000000994                __aeabi_uldivmod
 .text          0x00000000000009c4        0x4 /opt/nordic/ncs/toolchains/580e4ef81c/opt/zephyr-sdk/arm-zephyr-eabi/bin/../lib/gcc/arm-zephyr-eabi/12.2.0/thumb/v8-m.main+fp/hard/libgcc.a(_dvmd_tls.o)
                0x00000000000009c4                __aeabi_ldiv0
                0x00000000000009c4                __aeabi_idiv0
 .text          0x00000000000009c8      0x29c /opt/nordic/ncs/toolchains/580e4ef81c/opt/zephyr-sdk/arm-zephyr-eabi/bin/../lib/gcc/arm-zephyr-eabi/12.2.0/thumb/v8-m.main+fp/hard/libgcc.a(_udivmoddi4.o)
                0x00000000000009c8                __udivmoddi4
 .text          0x0000000000000c64       0x14 /opt/nordic/ncs/toolchains/580e4ef81c/opt/zephyr-sdk/arm-zephyr-eabi/bin/../lib/gcc/../../picolibc/arm-zephyr-eabi/lib/thumb/v8-m.main+fp/hard/libc.a(strcmp.S.o)
                0x0000000000000c64                strcmp
 .text          0x0000000000000c78       0x10 /opt/nordic/ncs/toolchains/580e4ef81c/opt/zephyr-sdk/arm-zephyr-eabi/bin/../lib/gcc/../../picolibc/arm-zephyr-eabi/lib/thumb/v8-m.main+fp/hard/libc.a(strcpy.S.o)
                0x0000000000000c78                strcpy
 .text          0x0000000000000c88       0x10 /opt/nordic/ncs/toolchains/580e4ef81c/opt/zephyr-sdk/arm-zephyr-eabi/bin/../lib/gcc/../../picolibc/arm-zephyr-eabi/lib/thumb/v8-m.main+fp/hard/libc.a(strlen.S.o)
                0x0000000000000c88                strlen
 *(SORT_BY_ALIGNMENT(.text.*))
 .text.bt_init  0x0000000000000c98      0x4bc zephyr/subsys/bluetooth/host/libsubsys__bluetooth__host.a(hci_core.c.obj)
 *fill*         0x0000000000001154        0x4 
 .text.rtc_nrf_isr
                0x0000000000001158      0x104 zephyr/drivers/timer/libdrivers__timer.a(nrf_rtc_timer.c.obj)
                0x0000000000001158                rtc_nrf_isr
 *fill*         0x000000000000125c        0x4 
 .text.work_queue_main
                0x0000000000001260      0x140 zephyr/kernel/libkernel.a(work.c.obj)
 .text.le_param_updated
                0x00000000000013a0       0x48 app/libapp.a(main.c.obj)
 .text.disconnected
                0x00000000000013e8       0x8c app/libapp.a(main.c.obj)
 .text.raw_param_work_fn
                0x0000000000001474       0x18 app/libapp.a(main.c.obj)
 .text.send_mouse
                0x000000000000148c       0x34 app/libapp.a(main.c.obj)
 .text.hids_init
                0x00000000000014c0       0x4c app/libapp.a(main.c.obj)
 .text.start_hid_adv
                0x000000000000150c       0x40 app/libapp.a(main.c.obj)
 .text.start_raw_adv
                0x000000000000154c       0x40 app/libapp.a(main.c.obj)
 .text.apply_adv_for_mode
                0x000000000000158c       0x44 app/libapp.a(main.c.obj)
 .text.apply_output_mode
                0x00000000000015d0       0x48 app/libapp.a(main.c.obj)
 .text.security_changed
                0x0000000000001618       0x18 app/libapp.a(main.c.obj)
 .text.connected
                0x0000000000001630       0xac app/libapp.a(main.c.obj)
 .text.led_toggle_cb
                0x00000000000016dc       0x10 app/libapp.a(main.c.obj)
 .text.main     0x00000000000016ec      0x158 app/libapp.a(main.c.obj)
                0x00000000000016ec                main
 .text.reg_write
                0x0000000000001844       0x30 app/libapp.a(imu.c.obj)
 .text.lsm6dso_set_rate
                0x0000000000001874       0x70 app/libapp.a(imu.c.obj)
 .text.cmd_thread_fn
                0x00000000000018e4       0xf4 app/libapp.a(imu.c.obj)
 .text.reg_read_burst
                0x00000000000019d8       0x3c app/libapp.a(imu.c.obj)
 .text.imu_thread_fn.part.0
                0x0000000000001a14      0x210 app/libapp.a(imu.c.obj)
 .text.imu_thread_fn
                0x0000000000001c24       0xa8 app/libapp.a(imu.c.obj)
 .text.imu_set_uart_raw
                0x0000000000001ccc        0xc app/libapp.a(imu.c.obj)
                0x0000000000001ccc                imu_set_uart_raw
 .text.imu_set_mode_change_cb
                0x0000000000001cd8        0xc app/libapp.a(imu.c.obj)
                0x0000000000001cd8                imu_set_mode_change_cb
 .text.imu_add_sample_cb
                0x0000000000001ce4       0x38 app/libapp.a(imu.c.obj)
                0x0000000000001ce4                imu_add_sample_cb
 .text.imu_ccc_changed
                0x0000000000001d1c       0x2c app/libapp.a(ble_raw_data.c.obj)
 .text.on_imu_sample
                0x0000000000001d48       0x9c app/libapp.a(ble_raw_data.c.obj)
 .text.drain_work_fn
                0x0000000000001de4       0x8c app/libapp.a(ble_raw_data.c.obj)
 .text.ble_raw_data_set_enabled
                0x0000000000001e70       0x24 app/libapp.a(ble_raw_data.c.obj)
                0x0000000000001e70                ble_raw_data_set_enabled
 .text.ble_raw_data_init
                0x0000000000001e94       0x34 app/libapp.a(ble_raw_data.c.obj)
                0x0000000000001e94                ble_raw_data_init
 .text.apply_remap
                0x0000000000001ec8       0x68 app/libapp.a(imu_mouse.c.obj)
 .text.madgwick_update
                0x0000000000001f30      0x1dc app/libapp.a(imu_mouse.c.obj)
 .text.reset_state
                0x000000000000210c       0xec app/libapp.a(imu_mouse.c.obj)
 .text.on_imu_sample
                0x00000000000021f8      0x84c app/libapp.a(imu_mouse.c.obj)
 .text.imu_mouse_init
                0x0000000000002a44       0x30 app/libapp.a(imu_mouse.c.obj)
                0x0000000000002a44                imu_mouse_init
 .text.imu_mouse_set_enabled
                0x0000000000002a74       0x34 app/libapp.a(imu_mouse.c.obj)
                0x0000000000002a74                imu_mouse_set_enabled
 .text.crc8_ccitt
                0x0000000000002aa8       0x2c zephyr/libzephyr.a(crc8_sw.c.obj)
                0x0000000000002aa8                crc8_ccitt
 .text.cbprintf_package_convert
                0x0000000000002ad4      0x3b4 zephyr/libzephyr.a(cbprintf_packaged.c.obj)
                0x0000000000002ad4                cbprintf_package_convert
 .text.char_out
                0x0000000000002e88        0xc zephyr/libzephyr.a(printk.c.obj)
 .text.__printk_hook_install
                0x0000000000002e94        0xc zephyr/libzephyr.a(printk.c.obj)
                0x0000000000002e94                __printk_hook_install
 .text.vprintk  0x0000000000002ea0       0x30 zephyr/libzephyr.a(printk.c.obj)
                0x0000000000002ea0                vprintk
 .text.z_thread_entry
                0x0000000000002ed0       0x34 zephyr/libzephyr.a(thread_entry.c.obj)
                0x0000000000002ed0                z_thread_entry
 .text.process_event
                0x0000000000002f04      0x21c zephyr/libzephyr.a(onoff.c.obj)
 .text.sys_reboot
                0x0000000000003120       0x30 zephyr/libzephyr.a(reboot.c.obj)
                0x0000000000003120                sys_reboot
 .text.nvs_recover_last_ate
                0x0000000000003150       0x64 zephyr/libzephyr.a(nvs.c.obj)
 .text.nvs_mount
                0x00000000000031b4      0x34c zephyr/libzephyr.a(nvs.c.obj)
                0x00000000000031b4                nvs_mount
 .text.nvs_write
                0x0000000000003500      0x1b0 zephyr/libzephyr.a(nvs.c.obj)
                0x0000000000003500                nvs_write
 .text.nvs_read_hist
                0x00000000000036b0       0xd0 zephyr/libzephyr.a(nvs.c.obj)
                0x00000000000036b0                nvs_read_hist
 .text.ipc_service_open_instance
                0x0000000000003780       0x40 zephyr/libzephyr.a(ipc_service.c.obj)
                0x0000000000003780                ipc_service_open_instance
 .text.ipc_service_close_instance
                0x00000000000037c0       0x40 zephyr/libzephyr.a(ipc_service.c.obj)
                0x00000000000037c0                ipc_service_close_instance
 .text.ipc_service_register_endpoint
                0x0000000000003800       0x44 zephyr/libzephyr.a(ipc_service.c.obj)
                0x0000000000003800                ipc_service_register_endpoint
 .text.ipc_service_deregister_endpoint
                0x0000000000003844       0x58 zephyr/libzephyr.a(ipc_service.c.obj)
                0x0000000000003844                ipc_service_deregister_endpoint
 .text.ipc_service_send
                0x000000000000389c       0x5c zephyr/libzephyr.a(ipc_service.c.obj)
                0x000000000000389c                ipc_service_send
 .text.shared_memory_prepare
                0x00000000000038f8       0x14 zephyr/libzephyr.a(ipc_rpmsg_static_vrings.c.obj)
 .text.advertise_ept
                0x000000000000390c       0x44 zephyr/libzephyr.a(ipc_rpmsg_static_vrings.c.obj)
 .text.get_ept  0x0000000000003950       0x28 zephyr/libzephyr.a(ipc_rpmsg_static_vrings.c.obj)
 .text.open     0x0000000000003978      0x1b0 zephyr/libzephyr.a(ipc_rpmsg_static_vrings.c.obj)
 .text.bound_cb
                0x0000000000003b28       0x30 zephyr/libzephyr.a(ipc_rpmsg_static_vrings.c.obj)
 .text.send     0x0000000000003b58       0x4c zephyr/libzephyr.a(ipc_rpmsg_static_vrings.c.obj)
 .text.register_ept
                0x0000000000003ba4       0xe0 zephyr/libzephyr.a(ipc_rpmsg_static_vrings.c.obj)
 .text.deregister_ept
                0x0000000000003c84       0x44 zephyr/libzephyr.a(ipc_rpmsg_static_vrings.c.obj)
 .text.ns_bind_cb
                0x0000000000003cc8       0x6c zephyr/libzephyr.a(ipc_rpmsg.c.obj)
 .text.ipc_rpmsg_register_ept
                0x0000000000003d34       0x3c zephyr/libzephyr.a(ipc_rpmsg.c.obj)
                0x0000000000003d34                ipc_rpmsg_register_ept
 .text.ipc_rpmsg_init
                0x0000000000003d70       0x70 zephyr/libzephyr.a(ipc_rpmsg.c.obj)
                0x0000000000003d70                ipc_rpmsg_init
 .text.ipc_static_vrings_init
                0x0000000000003de0      0x104 zephyr/libzephyr.a(ipc_static_vrings.c.obj)
                0x0000000000003de0                ipc_static_vrings_init
 .text.activate_foreach_backend
                0x0000000000003ee4       0x64 zephyr/libzephyr.a(log_core.c.obj)
 .text.enable_logger
                0x0000000000003f48       0x5c zephyr/libzephyr.a(log_core.c.obj)
 .text.log_process_thread_timer_expiry_fn
                0x0000000000003fa4        0xc zephyr/libzephyr.a(log_core.c.obj)
 .text.z_log_init
                0x0000000000003fb0       0x90 zephyr/libzephyr.a(log_core.c.obj)
 .text.log_format_func_t_get
                0x0000000000004040        0xc zephyr/libzephyr.a(log_core.c.obj)
                0x0000000000004040                log_format_func_t_get
 .text.log_set_timestamp_func
                0x000000000000404c       0x20 zephyr/libzephyr.a(log_core.c.obj)
                0x000000000000404c                log_set_timestamp_func
 .text.z_log_notify_backend_enabled
                0x000000000000406c       0x1c zephyr/libzephyr.a(log_core.c.obj)
                0x000000000000406c                z_log_notify_backend_enabled
 .text.z_log_dropped
                0x0000000000004088       0x28 zephyr/libzephyr.a(log_core.c.obj)
                0x0000000000004088                z_log_dropped
 .text.z_log_dropped_read_and_clear
                0x00000000000040b0       0x18 zephyr/libzephyr.a(log_core.c.obj)
                0x00000000000040b0                z_log_dropped_read_and_clear
 .text.dropped_notify
                0x00000000000040c8       0x30 zephyr/libzephyr.a(log_core.c.obj)
                0x00000000000040c8                dropped_notify
 .text.z_log_msg_init
                0x00000000000040f8       0x20 zephyr/libzephyr.a(log_core.c.obj)
                0x00000000000040f8                z_log_msg_init
 .text.log_core_init
                0x0000000000004118       0x34 zephyr/libzephyr.a(log_core.c.obj)
                0x0000000000004118                log_core_init
 .text.z_log_msg_alloc
                0x000000000000414c       0x10 zephyr/libzephyr.a(log_core.c.obj)
                0x000000000000414c                z_log_msg_alloc
 .text.z_log_msg_local_claim
                0x000000000000415c        0xc zephyr/libzephyr.a(log_core.c.obj)
                0x000000000000415c                z_log_msg_local_claim
 .text.z_log_msg_free
                0x0000000000004168       0x10 zephyr/libzephyr.a(log_core.c.obj)
                0x0000000000004168                z_log_msg_free
 .text.z_log_msg_pending
                0x0000000000004178        0xc zephyr/libzephyr.a(log_core.c.obj)
                0x0000000000004178                z_log_msg_pending
 .text.z_impl_log_process
                0x0000000000004184       0xb4 zephyr/libzephyr.a(log_core.c.obj)
                0x0000000000004184                z_impl_log_process
 .text.z_impl_log_panic
                0x0000000000004238       0x44 zephyr/libzephyr.a(log_core.c.obj)
                0x0000000000004238                z_impl_log_panic
 .text.log_process_thread_func
                0x000000000000427c       0xa4 zephyr/libzephyr.a(log_core.c.obj)
 .text.z_log_msg_post_finalize
                0x0000000000004320       0x78 zephyr/libzephyr.a(log_core.c.obj)
 .text.z_log_msg_commit
                0x0000000000004398       0x24 zephyr/libzephyr.a(log_core.c.obj)
                0x0000000000004398                z_log_msg_commit
 .text.log_source_name_get
                0x00000000000043bc       0x1c zephyr/libzephyr.a(log_mgmt.c.obj)
                0x00000000000043bc                log_source_name_get
 .text.log_backend_enable
                0x00000000000043d8       0x28 zephyr/libzephyr.a(log_mgmt.c.obj)
                0x00000000000043d8                log_backend_enable
 .text.z_impl_z_log_msg_static_create
                0x0000000000004400      0x108 zephyr/libzephyr.a(log_msg.c.obj)
                0x0000000000004400                z_impl_z_log_msg_static_create
 .text.print_formatted
                0x0000000000004508       0x24 zephyr/libzephyr.a(log_output.c.obj)
 .text.newline_print
                0x000000000000452c       0x1c zephyr/libzephyr.a(log_output.c.obj)
 .text.log_output_process
                0x0000000000004548      0x2a4 zephyr/libzephyr.a(log_output.c.obj)
                0x0000000000004548                log_output_process
 .text.log_output_msg_process
                0x00000000000047ec       0x70 zephyr/libzephyr.a(log_output.c.obj)
                0x00000000000047ec                log_output_msg_process
 .text.log_output_dropped_process
                0x000000000000485c       0x58 zephyr/libzephyr.a(log_output.c.obj)
                0x000000000000485c                log_output_dropped_process
 .text.log_output_timestamp_freq_set
                0x00000000000048b4       0x2c zephyr/libzephyr.a(log_output.c.obj)
                0x00000000000048b4                log_output_timestamp_freq_set
 .text.char_out
                0x00000000000048e0       0x24 zephyr/libzephyr.a(log_backend_uart.c.obj)
 .text.mem_attr_get_regions
                0x0000000000004904        0xc zephyr/libzephyr.a(mem_attr.c.obj)
                0x0000000000004904                mem_attr_get_regions
 .text.flash_area_open
                0x0000000000004910       0x50 zephyr/libzephyr.a(flash_map.c.obj)
                0x0000000000004910                flash_area_open
 .text.flash_area_get_sectors
                0x0000000000004960       0x60 zephyr/libzephyr.a(flash_map_layout.c.obj)
                0x0000000000004960                flash_area_get_sectors
 .text.read_pnp_id
                0x00000000000049c0       0x1c zephyr/libzephyr.a(dis.c.obj)
 .text.settings_save_one
                0x00000000000049dc       0x4c zephyr/libzephyr.a(settings_store.c.obj)
                0x00000000000049dc                settings_save_one
 .text.settings_src_register
                0x0000000000004a28       0x1c zephyr/libzephyr.a(settings_store.c.obj)
                0x0000000000004a28                settings_src_register
 .text.settings_dst_register
                0x0000000000004a44        0xc zephyr/libzephyr.a(settings_store.c.obj)
                0x0000000000004a44                settings_dst_register
 .text.settings_load_subtree
                0x0000000000004a50       0x4c zephyr/libzephyr.a(settings_store.c.obj)
                0x0000000000004a50                settings_load_subtree
 .text.settings_load_subtree_direct
                0x0000000000004a9c       0x40 zephyr/libzephyr.a(settings_store.c.obj)
                0x0000000000004a9c                settings_load_subtree_direct
 .text.settings_store_init
                0x0000000000004adc       0x10 zephyr/libzephyr.a(settings_store.c.obj)
                0x0000000000004adc                settings_store_init
 .text.settings_init
                0x0000000000004aec       0x10 zephyr/libzephyr.a(settings.c.obj)
                0x0000000000004aec                settings_init
 .text.settings_parse_and_lookup
                0x0000000000004afc       0x98 zephyr/libzephyr.a(settings.c.obj)
                0x0000000000004afc                settings_parse_and_lookup
 .text.settings_call_set_handler
                0x0000000000004b94       0xa4 zephyr/libzephyr.a(settings.c.obj)
                0x0000000000004b94                settings_call_set_handler
 .text.settings_commit_subtree
                0x0000000000004c38       0x70 zephyr/libzephyr.a(settings.c.obj)
                0x0000000000004c38                settings_commit_subtree
 .text.settings_subsys_init
                0x0000000000004ca8       0x3c zephyr/libzephyr.a(settings_init.c.obj)
                0x0000000000004ca8                settings_subsys_init
 .text.settings_nvs_load
                0x0000000000004ce4       0xbc zephyr/libzephyr.a(settings_nvs.c.obj)
 .text.settings_backend_init
                0x0000000000004da0       0x84 zephyr/libzephyr.a(settings_nvs.c.obj)
                0x0000000000004da0                settings_backend_init
 .text.uuid_register.constprop.0
                0x0000000000004e24       0x88 zephyr/libzephyr.a(gatt_pool.c.obj)
 .text.bt_gatt_pool_svc_alloc
                0x0000000000004eac       0x78 zephyr/libzephyr.a(gatt_pool.c.obj)
                0x0000000000004eac                bt_gatt_pool_svc_alloc
 .text.bt_gatt_pool_chrc_alloc
                0x0000000000004f24       0xfc zephyr/libzephyr.a(gatt_pool.c.obj)
                0x0000000000004f24                bt_gatt_pool_chrc_alloc
 .text.bt_gatt_pool_desc_alloc
                0x0000000000005020       0xac zephyr/libzephyr.a(gatt_pool.c.obj)
                0x0000000000005020                bt_gatt_pool_desc_alloc
 .text.bt_gatt_pool_ccc_alloc
                0x00000000000050cc       0x68 zephyr/libzephyr.a(gatt_pool.c.obj)
                0x00000000000050cc                bt_gatt_pool_ccc_alloc
 .text.bt_conn_ctx_alloc
                0x0000000000005134       0x60 zephyr/libzephyr.a(conn_ctx.c.obj)
                0x0000000000005134                bt_conn_ctx_alloc
 .text.bt_conn_ctx_free
                0x0000000000005194       0x70 zephyr/libzephyr.a(conn_ctx.c.obj)
                0x0000000000005194                bt_conn_ctx_free
 .text.bt_conn_ctx_get
                0x0000000000005204       0x54 zephyr/libzephyr.a(conn_ctx.c.obj)
                0x0000000000005204                bt_conn_ctx_get
 .text.hids_feat_rep_read
                0x0000000000005258       0x90 zephyr/libzephyr.a(hids.c.obj)
 .text.hids_feat_rep_write
                0x00000000000052e8       0xa0 zephyr/libzephyr.a(hids.c.obj)
 .text.hids_outp_rep_read
                0x0000000000005388       0x90 zephyr/libzephyr.a(hids.c.obj)
 .text.hids_outp_rep_write
                0x0000000000005418       0x94 zephyr/libzephyr.a(hids.c.obj)
 .text.hids_inp_rep_read
                0x00000000000054ac       0x7c zephyr/libzephyr.a(hids.c.obj)
 .text.hids_protocol_mode_write
                0x0000000000005528       0x84 zephyr/libzephyr.a(hids.c.obj)
 .text.hids_boot_kb_inp_report_read.part.0
                0x00000000000055ac       0x18 zephyr/libzephyr.a(hids.c.obj)
 .text.hids_boot_kb_outp_report_read
                0x00000000000055c4       0x88 zephyr/libzephyr.a(hids.c.obj)
 .text.hids_boot_kb_outp_report_write
                0x000000000000564c       0x80 zephyr/libzephyr.a(hids.c.obj)
 .text.bt_hids_connected
                0x00000000000056cc       0x9c zephyr/libzephyr.a(hids.c.obj)
                0x00000000000056cc                bt_hids_connected
 .text.bt_hids_disconnected
                0x0000000000005768       0x24 zephyr/libzephyr.a(hids.c.obj)
                0x0000000000005768                bt_hids_disconnected
 .text.bt_hids_init
                0x000000000000578c      0x4f0 zephyr/libzephyr.a(hids.c.obj)
                0x000000000000578c                bt_hids_init
 .text.bt_hids_inp_rep_send
                0x0000000000005c7c      0x154 zephyr/libzephyr.a(hids.c.obj)
                0x0000000000005c7c                bt_hids_inp_rep_send
 .text.sub_bytes
                0x0000000000005dd0       0x18 zephyr/libzephyr.a(aes_encrypt.c.obj)
 .text.tc_aes128_set_encrypt_key
                0x0000000000005de8       0xa8 zephyr/libzephyr.a(aes_encrypt.c.obj)
                0x0000000000005de8                tc_aes128_set_encrypt_key
 .text.compress
                0x0000000000005e90      0x1c4 zephyr/libzephyr.a(sha256.c.obj)
 .text.tc_sha256_init
                0x0000000000006054       0x58 zephyr/libzephyr.a(sha256.c.obj)
                0x0000000000006054                tc_sha256_init
 .text.nrf_cc3xx_platform_abort_init
                0x00000000000060ac        0xc zephyr/libzephyr.a(nrf_cc3xx_platform_abort_zephyr.c.obj)
                0x00000000000060ac                nrf_cc3xx_platform_abort_init
 .text.mutex_free_platform
                0x00000000000060b8       0x54 zephyr/libzephyr.a(nrf_cc3xx_platform_mutex_zephyr.c.obj)
 .text.mutex_lock_platform
                0x000000000000610c       0x74 zephyr/libzephyr.a(nrf_cc3xx_platform_mutex_zephyr.c.obj)
 .text.mutex_unlock_platform
                0x0000000000006180       0x68 zephyr/libzephyr.a(nrf_cc3xx_platform_mutex_zephyr.c.obj)
 .text.mutex_init_platform
                0x00000000000061e8       0x94 zephyr/libzephyr.a(nrf_cc3xx_platform_mutex_zephyr.c.obj)
 .text.nrf_cc3xx_platform_mutex_init
                0x000000000000627c       0x2c zephyr/libzephyr.a(nrf_cc3xx_platform_mutex_zephyr.c.obj)
                0x000000000000627c                nrf_cc3xx_platform_mutex_init
 .text.z_arm_fatal_error
                0x00000000000062a8      0x104 zephyr/arch/arch/arm/core/libarch__arm__core.a(fatal.c.obj)
                0x00000000000062a8                z_arm_fatal_error
 .text.z_SysNmiOnReset
                0x00000000000063ac        0x8 zephyr/arch/arch/arm/core/libarch__arm__core.a(nmi_on_reset.S.obj)
                0x00000000000063ac                z_SysNmiOnReset
 .text.arch_tls_stack_setup
                0x00000000000063b4       0x5c zephyr/arch/arch/arm/core/libarch__arm__core.a(tls.c.obj)
                0x00000000000063b4                arch_tls_stack_setup
 .text._HandlerModeExit
                0x0000000000006410       0x1c zephyr/arch/arch/arm/core/cortex_m/libarch__arm__core__cortex_m.a(exc_exit.S.obj)
                0x0000000000006410                z_arm_exc_exit
                0x0000000000006410                z_arm_int_exit
 .text.mem_manage_fault.constprop.0
                0x000000000000642c       0xd0 zephyr/arch/arch/arm/core/cortex_m/libarch__arm__core__cortex_m.a(fault.c.obj)
 .text.usage_fault.constprop.0
                0x00000000000064fc       0xbc zephyr/arch/arch/arm/core/cortex_m/libarch__arm__core__cortex_m.a(fault.c.obj)
 .text.bus_fault.constprop.0
                0x00000000000065b8       0xd0 zephyr/arch/arch/arm/core/cortex_m/libarch__arm__core__cortex_m.a(fault.c.obj)
 .text.z_arm_fault
                0x0000000000006688      0x1c4 zephyr/arch/arch/arm/core/cortex_m/libarch__arm__core__cortex_m.a(fault.c.obj)
                0x0000000000006688                z_arm_fault
 .text.z_arm_fault_init
                0x000000000000684c       0x18 zephyr/arch/arch/arm/core/cortex_m/libarch__arm__core__cortex_m.a(fault.c.obj)
                0x000000000000684c                z_arm_fault_init
 .text.__fault  0x0000000000006864       0x14 zephyr/arch/arch/arm/core/cortex_m/libarch__arm__core__cortex_m.a(fault_s.S.obj)
                0x0000000000006864                z_arm_bus_fault
                0x0000000000006864                z_arm_usage_fault
                0x0000000000006864                z_arm_mpu_fault
                0x0000000000006864                z_arm_exc_spurious
                0x0000000000006864                z_arm_debug_monitor
                0x0000000000006864                z_arm_hard_fault
 .text._reset_section
                0x0000000000006878       0x60 zephyr/arch/arch/arm/core/cortex_m/libarch__arm__core__cortex_m.a(reset.S.obj)
                0x0000000000006878                z_arm_reset
                0x0000000000006878                __start
 .text.sys_arch_reboot
                0x00000000000068d8       0x24 zephyr/arch/arch/arm/core/cortex_m/libarch__arm__core__cortex_m.a(scb.c.obj)
                0x00000000000068d8                sys_arch_reboot
 .text.z_arm_clear_arm_mpu_config
                0x00000000000068fc       0x24 zephyr/arch/arch/arm/core/cortex_m/libarch__arm__core__cortex_m.a(scb.c.obj)
                0x00000000000068fc                z_arm_clear_arm_mpu_config
 .text.z_arm_init_arch_hw_at_boot
                0x0000000000006920       0x4c zephyr/arch/arch/arm/core/cortex_m/libarch__arm__core__cortex_m.a(scb.c.obj)
                0x0000000000006920                z_arm_init_arch_hw_at_boot
 .text.z_impl_k_thread_abort
                0x000000000000696c       0x2c zephyr/arch/arch/arm/core/cortex_m/libarch__arm__core__cortex_m.a(thread_abort.c.obj)
                0x000000000000696c                z_impl_k_thread_abort
 .text.arch_swap
                0x0000000000006998       0x30 zephyr/arch/arch/arm/core/cortex_m/libarch__arm__core__cortex_m.a(swap.c.obj)
                0x0000000000006998                arch_swap
 .text.z_arm_pendsv
                0x00000000000069c8       0xa4 zephyr/arch/arch/arm/core/cortex_m/libarch__arm__core__cortex_m.a(swap_helper.S.obj)
                0x00000000000069c8                z_arm_pendsv
 .text.z_arm_svc
                0x0000000000006a6c       0x20 zephyr/arch/arch/arm/core/cortex_m/libarch__arm__core__cortex_m.a(swap_helper.S.obj)
                0x0000000000006a6c                z_arm_svc
 .text.arch_irq_enable
                0x0000000000006a8c       0x1c zephyr/arch/arch/arm/core/cortex_m/libarch__arm__core__cortex_m.a(irq_manage.c.obj)
                0x0000000000006a8c                arch_irq_enable
 .text.arch_irq_disable
                0x0000000000006aa8       0x28 zephyr/arch/arch/arm/core/cortex_m/libarch__arm__core__cortex_m.a(irq_manage.c.obj)
                0x0000000000006aa8                arch_irq_disable
 .text.arch_irq_is_enabled
                0x0000000000006ad0       0x1c zephyr/arch/arch/arm/core/cortex_m/libarch__arm__core__cortex_m.a(irq_manage.c.obj)
                0x0000000000006ad0                arch_irq_is_enabled
 .text.z_arm_irq_priority_set
                0x0000000000006aec       0x2c zephyr/arch/arch/arm/core/cortex_m/libarch__arm__core__cortex_m.a(irq_manage.c.obj)
                0x0000000000006aec                z_arm_irq_priority_set
 .text.z_arm_prep_c
                0x0000000000006b18       0x5c zephyr/arch/arch/arm/core/cortex_m/libarch__arm__core__cortex_m.a(prep_c.c.obj)
                0x0000000000006b18                z_arm_prep_c
 .text.arch_new_thread
                0x0000000000006b74       0x40 zephyr/arch/arch/arm/core/cortex_m/libarch__arm__core__cortex_m.a(thread.c.obj)
                0x0000000000006b74                arch_new_thread
 .text.arch_float_disable
                0x0000000000006bb4       0x4c zephyr/arch/arch/arm/core/cortex_m/libarch__arm__core__cortex_m.a(thread.c.obj)
                0x0000000000006bb4                arch_float_disable
 .text.arch_switch_to_main_thread
                0x0000000000006c00       0x4c zephyr/arch/arch/arm/core/cortex_m/libarch__arm__core__cortex_m.a(thread.c.obj)
                0x0000000000006c00                arch_switch_to_main_thread
 .text.z_arm_cpu_idle_init
                0x0000000000006c4c        0xc zephyr/arch/arch/arm/core/cortex_m/libarch__arm__core__cortex_m.a(cpu_idle.S.obj)
                0x0000000000006c4c                z_arm_cpu_idle_init
 .text.arch_cpu_idle
                0x0000000000006c58       0x38 zephyr/arch/arch/arm/core/cortex_m/libarch__arm__core__cortex_m.a(cpu_idle.S.obj)
                0x0000000000006c58                arch_cpu_idle
 .text.arch_cpu_atomic_idle
                0x0000000000006c90       0x34 zephyr/arch/arch/arm/core/cortex_m/libarch__arm__core__cortex_m.a(cpu_idle.S.obj)
                0x0000000000006c90                arch_cpu_atomic_idle
 .text.z_arm_interrupt_init
                0x0000000000006cc4       0x18 zephyr/arch/arch/arm/core/cortex_m/libarch__arm__core__cortex_m.a(irq_init.c.obj)
                0x0000000000006cc4                z_arm_interrupt_init
 .text._isr_wrapper
                0x0000000000006cdc       0x28 zephyr/arch/arch/arm/core/cortex_m/libarch__arm__core__cortex_m.a(isr_wrapper.S.obj)
                0x0000000000006cdc                _isr_wrapper
 .text.z_arm_configure_static_mpu_regions
                0x0000000000006d04       0x38 zephyr/arch/arch/arm/core/mpu/libarch__arm__core__mpu.a(arm_core_mpu.c.obj)
                0x0000000000006d04                z_arm_configure_static_mpu_regions
 .text.region_init
                0x0000000000006d3c       0x34 zephyr/arch/arch/arm/core/mpu/libarch__arm__core__mpu.a(arm_mpu.c.obj)
 .text.region_allocate_and_init
                0x0000000000006d70       0x28 zephyr/arch/arch/arm/core/mpu/libarch__arm__core__mpu.a(arm_mpu.c.obj)
 .text.mpu_configure_regions_and_partition.constprop.0
                0x0000000000006d98      0x164 zephyr/arch/arch/arm/core/mpu/libarch__arm__core__mpu.a(arm_mpu.c.obj)
 .text.arm_core_mpu_enable
                0x0000000000006efc       0x18 zephyr/arch/arch/arm/core/mpu/libarch__arm__core__mpu.a(arm_mpu.c.obj)
                0x0000000000006efc                arm_core_mpu_enable
 .text.arm_core_mpu_disable
                0x0000000000006f14       0x14 zephyr/arch/arch/arm/core/mpu/libarch__arm__core__mpu.a(arm_mpu.c.obj)
                0x0000000000006f14                arm_core_mpu_disable
 .text.arm_core_mpu_configure_static_mpu_regions
                0x0000000000006f28       0x14 zephyr/arch/arch/arm/core/mpu/libarch__arm__core__mpu.a(arm_mpu.c.obj)
                0x0000000000006f28                arm_core_mpu_configure_static_mpu_regions
 .text.arm_core_mpu_mark_areas_for_dynamic_regions
                0x0000000000006f3c       0xb8 zephyr/arch/arch/arm/core/mpu/libarch__arm__core__mpu.a(arm_mpu.c.obj)
                0x0000000000006f3c                arm_core_mpu_mark_areas_for_dynamic_regions
 .text.z_arm_mpu_init
                0x0000000000006ff4      0x108 zephyr/arch/arch/arm/core/mpu/libarch__arm__core__mpu.a(arm_mpu.c.obj)
                0x0000000000006ff4                z_arm_mpu_init
 .text.z_impl_zephyr_fputc
                0x00000000000070fc       0x10 zephyr/lib/libc/picolibc/liblib__libc__picolibc.a(libc-hooks.c.obj)
                0x00000000000070fc                z_impl_zephyr_fputc
 .text.__stdout_hook_install
                0x000000000000710c       0x18 zephyr/lib/libc/picolibc/liblib__libc__picolibc.a(libc-hooks.c.obj)
                0x000000000000710c                __stdout_hook_install
 .text.cbvprintf
                0x0000000000007124       0x38 zephyr/lib/libc/picolibc/liblib__libc__picolibc.a(libc-hooks.c.obj)
                0x0000000000007124                cbvprintf
 .text.__chk_fail
                0x000000000000715c       0x18 zephyr/lib/libc/picolibc/liblib__libc__picolibc.a(libc-hooks.c.obj)
                0x000000000000715c                __chk_fail
 .text.malloc_prepare
                0x0000000000007174       0x24 zephyr/lib/libc/common/liblib__libc__common.a(malloc.c.obj)
 .text.nrf_gpio_pin_control_select
                0x0000000000007198       0x3c zephyr/soc/soc/arm/nordic_nrf/libsoc__arm__nordic_nrf.a(soc.c.obj)
 .text.nordicsemi_nrf53_init
                0x00000000000071d4       0x5c zephyr/soc/soc/arm/nordic_nrf/libsoc__arm__nordic_nrf.a(soc.c.obj)
 .text.rtc_pretick_init
                0x0000000000007230       0x60 zephyr/soc/soc/arm/nordic_nrf/libsoc__arm__nordic_nrf.a(soc.c.obj)
 .text.z_arm_on_enter_cpu_idle
                0x0000000000007290       0x64 zephyr/soc/soc/arm/nordic_nrf/libsoc__arm__nordic_nrf.a(soc.c.obj)
                0x0000000000007290                z_arm_on_enter_cpu_idle
 .text.arch_busy_wait
                0x00000000000072f4       0x24 zephyr/soc/soc/arm/nordic_nrf/libsoc__arm__nordic_nrf.a(soc.c.obj)
                0x00000000000072f4                arch_busy_wait
 .text.rtc_cb   0x0000000000007318       0x40 zephyr/soc/soc/arm/nordic_nrf/libsoc__arm__nordic_nrf.a(sync_rtc.c.obj)
 .text.sync_rtc_setup
                0x0000000000007358       0xbc zephyr/soc/soc/arm/nordic_nrf/libsoc__arm__nordic_nrf.a(sync_rtc.c.obj)
 .text.mbox_callback
                0x0000000000007414       0x80 zephyr/soc/soc/arm/nordic_nrf/libsoc__arm__nordic_nrf.a(sync_rtc.c.obj)
 .text.z_arm_platform_init
                0x0000000000007494        0x4 zephyr/soc/soc/arm/nordic_nrf/libsoc__arm__nordic_nrf.a(soc_nrf_common.S.obj)
                0x0000000000007494                z_arm_platform_init
 .text.remoteproc_mgr_boot
                0x0000000000007498       0x68 zephyr/boards/arm/nrf5340dk_nrf5340/libboards__arm__nrf5340dk_nrf5340.a(nrf5340_cpunet_reset.c.obj)
 .text.bt_hex   0x0000000000007500       0x44 zephyr/subsys/bluetooth/common/libsubsys__bluetooth__common.a(bt_str.c.obj)
                0x0000000000007500                bt_hex
 .text.bt_addr_le_str
                0x0000000000007544       0x7c zephyr/subsys/bluetooth/common/libsubsys__bluetooth__common.a(bt_str.c.obj)
                0x0000000000007544                bt_addr_le_str
 .text.set_setting
                0x00000000000075c0       0x9c zephyr/subsys/bluetooth/host/libsubsys__bluetooth__host.a(settings.c.obj)
 .text.bt_settings_encode_key
                0x000000000000765c       0x60 zephyr/subsys/bluetooth/host/libsubsys__bluetooth__host.a(settings.c.obj)
                0x000000000000765c                bt_settings_encode_key
 .text.bt_settings_init
                0x00000000000076bc       0x24 zephyr/subsys/bluetooth/host/libsubsys__bluetooth__host.a(settings.c.obj)
                0x00000000000076bc                bt_settings_init
 .text.bt_settings_store
                0x00000000000076e0       0x50 zephyr/subsys/bluetooth/host/libsubsys__bluetooth__host.a(settings.c.obj)
                0x00000000000076e0                bt_settings_store
 .text.do_store_id
                0x0000000000007730       0x40 zephyr/subsys/bluetooth/host/libsubsys__bluetooth__host.a(settings.c.obj)
 .text.bt_settings_delete
                0x0000000000007770       0x4c zephyr/subsys/bluetooth/host/libsubsys__bluetooth__host.a(settings.c.obj)
                0x0000000000007770                bt_settings_delete
 .text.bt_settings_store_sc
                0x00000000000077bc       0x1c zephyr/subsys/bluetooth/host/libsubsys__bluetooth__host.a(settings.c.obj)
                0x00000000000077bc                bt_settings_store_sc
 .text.bt_settings_delete_sc
                0x00000000000077d8       0x10 zephyr/subsys/bluetooth/host/libsubsys__bluetooth__host.a(settings.c.obj)
                0x00000000000077d8                bt_settings_delete_sc
 .text.bt_settings_store_cf
                0x00000000000077e8       0x1c zephyr/subsys/bluetooth/host/libsubsys__bluetooth__host.a(settings.c.obj)
                0x00000000000077e8                bt_settings_store_cf
 .text.bt_settings_store_ccc
                0x0000000000007804       0x1c zephyr/subsys/bluetooth/host/libsubsys__bluetooth__host.a(settings.c.obj)
                0x0000000000007804                bt_settings_store_ccc
 .text.bt_settings_store_hash
                0x0000000000007820       0x1c zephyr/subsys/bluetooth/host/libsubsys__bluetooth__host.a(settings.c.obj)
                0x0000000000007820                bt_settings_store_hash
 .text.bt_settings_store_id
                0x000000000000783c       0x10 zephyr/subsys/bluetooth/host/libsubsys__bluetooth__host.a(settings.c.obj)
                0x000000000000783c                bt_settings_store_id
 .text.commit_settings
                0x000000000000784c       0x74 zephyr/subsys/bluetooth/host/libsubsys__bluetooth__host.a(settings.c.obj)
 .text.bt_settings_store_keys
                0x00000000000078c0       0x1c zephyr/subsys/bluetooth/host/libsubsys__bluetooth__host.a(settings.c.obj)
                0x00000000000078c0                bt_settings_store_keys
 .text.bt_settings_delete_keys
                0x00000000000078dc       0x10 zephyr/subsys/bluetooth/host/libsubsys__bluetooth__host.a(settings.c.obj)
                0x00000000000078dc                bt_settings_delete_keys
 .text.long_wq_init
                0x00000000000078ec       0x38 zephyr/subsys/bluetooth/host/libsubsys__bluetooth__host.a(long_wq.c.obj)
 .text.bt_long_wq_schedule
                0x0000000000007924        0xc zephyr/subsys/bluetooth/host/libsubsys__bluetooth__host.a(long_wq.c.obj)
                0x0000000000007924                bt_long_wq_schedule
 .text.bt_long_wq_reschedule
                0x0000000000007930        0xc zephyr/subsys/bluetooth/host/libsubsys__bluetooth__host.a(long_wq.c.obj)
                0x0000000000007930                bt_long_wq_reschedule
 .text.uuid_to_uuid128
                0x000000000000793c       0x78 zephyr/subsys/bluetooth/host/libsubsys__bluetooth__host.a(uuid.c.obj)
 .text.bt_buf_get_rx
                0x00000000000079b4       0x2c zephyr/subsys/bluetooth/host/libsubsys__bluetooth__host.a(buf.c.obj)
                0x00000000000079b4                bt_buf_get_rx
 .text.bt_buf_get_cmd_complete
                0x00000000000079e0       0x38 zephyr/subsys/bluetooth/host/libsubsys__bluetooth__host.a(buf.c.obj)
                0x00000000000079e0                bt_buf_get_cmd_complete
 .text.bt_buf_get_evt
                0x0000000000007a18       0x58 zephyr/subsys/bluetooth/host/libsubsys__bluetooth__host.a(buf.c.obj)
                0x0000000000007a18                bt_buf_get_evt
 .text.hci_data_buf_overflow
                0x0000000000007a70       0x18 zephyr/subsys/bluetooth/host/libsubsys__bluetooth__host.a(hci_core.c.obj)
 .text.hci_disconn_complete_prio
                0x0000000000007a88       0x48 zephyr/subsys/bluetooth/host/libsubsys__bluetooth__host.a(hci_core.c.obj)
 .text.hci_disconn_complete
                0x0000000000007ad0       0x4c zephyr/subsys/bluetooth/host/libsubsys__bluetooth__host.a(hci_core.c.obj)
 .text.le_phy_update_complete
                0x0000000000007b1c       0x34 zephyr/subsys/bluetooth/host/libsubsys__bluetooth__host.a(hci_core.c.obj)
 .text.le_data_len_change
                0x0000000000007b50       0x30 zephyr/subsys/bluetooth/host/libsubsys__bluetooth__host.a(hci_core.c.obj)
 .text.hci_hardware_error
                0x0000000000007b80       0x24 zephyr/subsys/bluetooth/host/libsubsys__bluetooth__host.a(hci_core.c.obj)
 .text.rx_queue_put
                0x0000000000007ba4       0x3c zephyr/subsys/bluetooth/host/libsubsys__bluetooth__host.a(hci_core.c.obj)
 .text.le_conn_param_neg_reply.part.0
                0x0000000000007be0       0x14 zephyr/subsys/bluetooth/host/libsubsys__bluetooth__host.a(hci_core.c.obj)
 .text.le_remote_feat_complete
                0x0000000000007bf4       0x54 zephyr/subsys/bluetooth/host/libsubsys__bluetooth__host.a(hci_core.c.obj)
 .text.handle_event.part.0
                0x0000000000007c48       0x48 zephyr/subsys/bluetooth/host/libsubsys__bluetooth__host.a(hci_core.c.obj)
 .text.handle_event
                0x0000000000007c90       0x50 zephyr/subsys/bluetooth/host/libsubsys__bluetooth__host.a(hci_core.c.obj)
 .text.hci_le_meta_event
                0x0000000000007ce0       0x20 zephyr/subsys/bluetooth/host/libsubsys__bluetooth__host.a(hci_core.c.obj)
 .text.rx_work_handler
                0x0000000000007d00      0x134 zephyr/subsys/bluetooth/host/libsubsys__bluetooth__host.a(hci_core.c.obj)
 .text.hci_cmd_done
                0x0000000000007e34      0x124 zephyr/subsys/bluetooth/host/libsubsys__bluetooth__host.a(hci_core.c.obj)
 .text.hci_cmd_status
                0x0000000000007f58       0x2c zephyr/subsys/bluetooth/host/libsubsys__bluetooth__host.a(hci_core.c.obj)
 .text.hci_cmd_complete
                0x0000000000007f84       0x50 zephyr/subsys/bluetooth/host/libsubsys__bluetooth__host.a(hci_core.c.obj)
 .text.hci_num_completed_packets
                0x0000000000007fd4      0x130 zephyr/subsys/bluetooth/host/libsubsys__bluetooth__host.a(hci_core.c.obj)
 .text.le_conn_update_complete
                0x0000000000008104       0xc4 zephyr/subsys/bluetooth/host/libsubsys__bluetooth__host.a(hci_core.c.obj)
 .text.bt_hci_cmd_state_set_init
                0x00000000000081c8       0x24 zephyr/subsys/bluetooth/host/libsubsys__bluetooth__host.a(hci_core.c.obj)
                0x00000000000081c8                bt_hci_cmd_state_set_init
 .text.bt_hci_cmd_create
                0x00000000000081ec       0x74 zephyr/subsys/bluetooth/host/libsubsys__bluetooth__host.a(hci_core.c.obj)
                0x00000000000081ec                bt_hci_cmd_create
 .text.bt_hci_cmd_send_sync
                0x0000000000008260       0xf0 zephyr/subsys/bluetooth/host/libsubsys__bluetooth__host.a(hci_core.c.obj)
                0x0000000000008260                bt_hci_cmd_send_sync
 .text.hci_le_read_max_data_len
                0x0000000000008350       0x44 zephyr/subsys/bluetooth/host/libsubsys__bluetooth__host.a(hci_core.c.obj)
 .text.bt_hci_le_rand
                0x0000000000008394       0x58 zephyr/subsys/bluetooth/host/libsubsys__bluetooth__host.a(hci_core.c.obj)
                0x0000000000008394                bt_hci_le_rand
 .text.bt_hci_le_enh_conn_complete
                0x00000000000083ec      0x268 zephyr/subsys/bluetooth/host/libsubsys__bluetooth__host.a(hci_core.c.obj)
                0x00000000000083ec                bt_hci_le_enh_conn_complete
 .text.enh_conn_complete
                0x0000000000008654       0x5c zephyr/subsys/bluetooth/host/libsubsys__bluetooth__host.a(hci_core.c.obj)
 .text.le_legacy_conn_complete
                0x00000000000086b0       0x64 zephyr/subsys/bluetooth/host/libsubsys__bluetooth__host.a(hci_core.c.obj)
 .text.bt_security_err_get
                0x0000000000008714       0x10 zephyr/subsys/bluetooth/host/libsubsys__bluetooth__host.a(hci_core.c.obj)
                0x0000000000008714                bt_security_err_get
 .text.hci_encrypt_key_refresh_complete
                0x0000000000008724       0x88 zephyr/subsys/bluetooth/host/libsubsys__bluetooth__host.a(hci_core.c.obj)
 .text.hci_encrypt_change
                0x00000000000087ac       0x9c zephyr/subsys/bluetooth/host/libsubsys__bluetooth__host.a(hci_core.c.obj)
 .text.bt_send  0x0000000000008848       0x10 zephyr/subsys/bluetooth/host/libsubsys__bluetooth__host.a(hci_core.c.obj)
                0x0000000000008848                bt_send
 .text.bt_hci_cmd_send
                0x0000000000008858       0x58 zephyr/subsys/bluetooth/host/libsubsys__bluetooth__host.a(hci_core.c.obj)
                0x0000000000008858                bt_hci_cmd_send
 .text.bt_hci_host_num_completed_packets
                0x00000000000088b0       0xd8 zephyr/subsys/bluetooth/host/libsubsys__bluetooth__host.a(hci_core.c.obj)
                0x00000000000088b0                bt_hci_host_num_completed_packets
 .text.le_ltk_request
                0x0000000000008988       0xc0 zephyr/subsys/bluetooth/host/libsubsys__bluetooth__host.a(hci_core.c.obj)
 .text.le_conn_param_req
                0x0000000000008a48       0xc0 zephyr/subsys/bluetooth/host/libsubsys__bluetooth__host.a(hci_core.c.obj)
 .text.hci_tx_thread
                0x0000000000008b08      0x15c zephyr/subsys/bluetooth/host/libsubsys__bluetooth__host.a(hci_core.c.obj)
 .text.hci_event_prio
                0x0000000000008c64       0x9c zephyr/subsys/bluetooth/host/libsubsys__bluetooth__host.a(hci_core.c.obj)
                0x0000000000008c64                hci_event_prio
 .text.bt_recv  0x0000000000008d00       0x50 zephyr/subsys/bluetooth/host/libsubsys__bluetooth__host.a(hci_core.c.obj)
                0x0000000000008d00                bt_recv
 .text.bt_hci_driver_register
                0x0000000000008d50       0x28 zephyr/subsys/bluetooth/host/libsubsys__bluetooth__host.a(hci_core.c.obj)
                0x0000000000008d50                bt_hci_driver_register
 .text.bt_finalize_init
                0x0000000000008d78        0xc zephyr/subsys/bluetooth/host/libsubsys__bluetooth__host.a(hci_core.c.obj)
                0x0000000000008d78                bt_finalize_init
 .text.init_work
                0x0000000000008d84       0x18 zephyr/subsys/bluetooth/host/libsubsys__bluetooth__host.a(hci_core.c.obj)
 .text.bt_enable
                0x0000000000008d9c      0x10c zephyr/subsys/bluetooth/host/libsubsys__bluetooth__host.a(hci_core.c.obj)
                0x0000000000008d9c                bt_enable
 .text.bt_get_name
                0x0000000000008ea8        0x8 zephyr/subsys/bluetooth/host/libsubsys__bluetooth__host.a(hci_core.c.obj)
                0x0000000000008ea8                bt_get_name
 .text.id_find  0x0000000000008eb0       0x30 zephyr/subsys/bluetooth/host/libsubsys__bluetooth__host.a(id.c.obj)
 .text.id_create.constprop.0
                0x0000000000008ee0       0x70 zephyr/subsys/bluetooth/host/libsubsys__bluetooth__host.a(id.c.obj)
 .text.bt_id_pending_keys_update_set
                0x0000000000008f50       0x20 zephyr/subsys/bluetooth/host/libsubsys__bluetooth__host.a(id.c.obj)
 .text.bt_id_del.part.0
                0x0000000000008f70      0x11c zephyr/subsys/bluetooth/host/libsubsys__bluetooth__host.a(id.c.obj)
 .text.bt_id_add.part.0
                0x000000000000908c      0x154 zephyr/subsys/bluetooth/host/libsubsys__bluetooth__host.a(id.c.obj)
 .text.bt_id_pending_keys_update
                0x00000000000091e0       0x2c zephyr/subsys/bluetooth/host/libsubsys__bluetooth__host.a(id.c.obj)
                0x00000000000091e0                bt_id_pending_keys_update
 .text.bt_id_find_conflict
                0x000000000000920c       0x20 zephyr/subsys/bluetooth/host/libsubsys__bluetooth__host.a(id.c.obj)
                0x000000000000920c                bt_id_find_conflict
 .text.bt_id_add
                0x000000000000922c       0x38 zephyr/subsys/bluetooth/host/libsubsys__bluetooth__host.a(id.c.obj)
                0x000000000000922c                bt_id_add
 .text.bt_id_del
                0x0000000000009264       0x3c zephyr/subsys/bluetooth/host/libsubsys__bluetooth__host.a(id.c.obj)
                0x0000000000009264                bt_id_del
 .text.bt_id_create
                0x00000000000092a0       0x9c zephyr/subsys/bluetooth/host/libsubsys__bluetooth__host.a(id.c.obj)
                0x00000000000092a0                bt_id_create
 .text.bt_id_read_public_addr
                0x000000000000933c       0x78 zephyr/subsys/bluetooth/host/libsubsys__bluetooth__host.a(id.c.obj)
                0x000000000000933c                bt_id_read_public_addr
 .text.bt_setup_public_id_addr
                0x00000000000093b4       0x20 zephyr/subsys/bluetooth/host/libsubsys__bluetooth__host.a(id.c.obj)
                0x00000000000093b4                bt_setup_public_id_addr
 .text.bt_read_static_addr
                0x00000000000093d4       0x94 zephyr/subsys/bluetooth/host/libsubsys__bluetooth__host.a(id.c.obj)
                0x00000000000093d4                bt_read_static_addr
 .text.bt_setup_random_id_addr
                0x0000000000009468       0x5c zephyr/subsys/bluetooth/host/libsubsys__bluetooth__host.a(id.c.obj)
                0x0000000000009468                bt_setup_random_id_addr
 .text.bt_id_set_adv_own_addr
                0x00000000000094c4       0xd4 zephyr/subsys/bluetooth/host/libsubsys__bluetooth__host.a(id.c.obj)
                0x00000000000094c4                bt_id_set_adv_own_addr
 .text.hci_set_ad_ext
                0x0000000000009598      0x2c0 zephyr/subsys/bluetooth/host/libsubsys__bluetooth__host.a(adv.c.obj)
 .text.valid_adv_ext_param
                0x0000000000009858       0xa0 zephyr/subsys/bluetooth/host/libsubsys__bluetooth__host.a(adv.c.obj)
 .text.adv_is_directed
                0x00000000000098f8       0x18 zephyr/subsys/bluetooth/host/libsubsys__bluetooth__host.a(adv.c.obj)
 .text.le_adv_start_add_conn
                0x0000000000009910       0x60 zephyr/subsys/bluetooth/host/libsubsys__bluetooth__host.a(adv.c.obj)
 .text.le_adv_stop_free_conn
                0x0000000000009970       0x3c zephyr/subsys/bluetooth/host/libsubsys__bluetooth__host.a(adv.c.obj)
 .text.adv_new  0x00000000000099ac       0x4c zephyr/subsys/bluetooth/host/libsubsys__bluetooth__host.a(adv.c.obj)
 .text.le_ext_adv_param_set
                0x00000000000099f8      0x238 zephyr/subsys/bluetooth/host/libsubsys__bluetooth__host.a(adv.c.obj)
 .text.bt_le_ext_adv_foreach
                0x0000000000009c30       0x40 zephyr/subsys/bluetooth/host/libsubsys__bluetooth__host.a(adv.c.obj)
                0x0000000000009c30                bt_le_ext_adv_foreach
 .text.bt_le_adv_delete_legacy
                0x0000000000009c70       0x1c zephyr/subsys/bluetooth/host/libsubsys__bluetooth__host.a(adv.c.obj)
                0x0000000000009c70                bt_le_adv_delete_legacy
 .text.bt_le_adv_resume
                0x0000000000009c8c       0xdc zephyr/subsys/bluetooth/host/libsubsys__bluetooth__host.a(adv.c.obj)
                0x0000000000009c8c                bt_le_adv_resume
 .text.bt_le_ext_adv_create
                0x0000000000009d68       0x5c zephyr/subsys/bluetooth/host/libsubsys__bluetooth__host.a(adv.c.obj)
                0x0000000000009d68                bt_le_ext_adv_create
 .text.bt_le_ext_adv_start
                0x0000000000009dc4       0xd8 zephyr/subsys/bluetooth/host/libsubsys__bluetooth__host.a(adv.c.obj)
                0x0000000000009dc4                bt_le_ext_adv_start
 .text.bt_hci_le_adv_set_terminated
                0x0000000000009e9c      0x19c zephyr/subsys/bluetooth/host/libsubsys__bluetooth__host.a(adv.c.obj)
                0x0000000000009e9c                bt_hci_le_adv_set_terminated
 .text.bt_hci_le_scan_req_received
                0x000000000000a038       0x94 zephyr/subsys/bluetooth/host/libsubsys__bluetooth__host.a(adv.c.obj)
                0x000000000000a038                bt_hci_le_scan_req_received
 .text.prng_reseed.constprop.0
                0x000000000000a0cc       0x60 zephyr/subsys/bluetooth/host/libsubsys__bluetooth__host.a(crypto.c.obj)
 .text.prng_init
                0x000000000000a12c       0x40 zephyr/subsys/bluetooth/host/libsubsys__bluetooth__host.a(crypto.c.obj)
                0x000000000000a12c                prng_init
 .text.bt_rand  0x000000000000a16c       0x3c zephyr/subsys/bluetooth/host/libsubsys__bluetooth__host.a(crypto.c.obj)
                0x000000000000a16c                bt_rand
 .text.bt_pub_key_is_debug
                0x000000000000a1a8       0x18 zephyr/subsys/bluetooth/host/libsubsys__bluetooth__host.a(ecc.c.obj)
                0x000000000000a1a8                bt_pub_key_is_debug
 .text.bt_pub_key_gen
                0x000000000000a1c0       0xec zephyr/subsys/bluetooth/host/libsubsys__bluetooth__host.a(ecc.c.obj)
                0x000000000000a1c0                bt_pub_key_gen
 .text.bt_pub_key_get
                0x000000000000a2ac       0x1c zephyr/subsys/bluetooth/host/libsubsys__bluetooth__host.a(ecc.c.obj)
                0x000000000000a2ac                bt_pub_key_get
 .text.bt_dh_key_gen
                0x000000000000a2c8       0x98 zephyr/subsys/bluetooth/host/libsubsys__bluetooth__host.a(ecc.c.obj)
                0x000000000000a2c8                bt_dh_key_gen
 .text.bt_hci_evt_le_pkey_complete
                0x000000000000a360       0x74 zephyr/subsys/bluetooth/host/libsubsys__bluetooth__host.a(ecc.c.obj)
                0x000000000000a360                bt_hci_evt_le_pkey_complete
 .text.bt_hci_evt_le_dhkey_complete
                0x000000000000a3d4       0x1c zephyr/subsys/bluetooth/host/libsubsys__bluetooth__host.a(ecc.c.obj)
                0x000000000000a3d4                bt_hci_evt_le_dhkey_complete
 .text.notify_connected
                0x000000000000a3f0       0x3c zephyr/subsys/bluetooth/host/libsubsys__bluetooth__host.a(conn.c.obj)
 .text.tx_notify
                0x000000000000a42c       0x60 zephyr/subsys/bluetooth/host/libsubsys__bluetooth__host.a(conn.c.obj)
 .text.conn_tx_destroy
                0x000000000000a48c       0x2c zephyr/subsys/bluetooth/host/libsubsys__bluetooth__host.a(conn.c.obj)
 .text.send_frag
                0x000000000000a4b8      0x178 zephyr/subsys/bluetooth/host/libsubsys__bluetooth__host.a(conn.c.obj)
 .text.bt_conn_create_pdu_timeout.part.0
                0x000000000000a630       0x18 zephyr/subsys/bluetooth/host/libsubsys__bluetooth__host.a(conn.c.obj)
 .text.bt_conn_get_pkts
                0x000000000000a648       0x18 zephyr/subsys/bluetooth/host/libsubsys__bluetooth__host.a(conn.c.obj)
                0x000000000000a648                bt_conn_get_pkts
 .text.bt_conn_new
                0x000000000000a660       0x5c zephyr/subsys/bluetooth/host/libsubsys__bluetooth__host.a(conn.c.obj)
                0x000000000000a660                bt_conn_new
 .text.bt_conn_recv
                0x000000000000a6bc       0xf4 zephyr/subsys/bluetooth/host/libsubsys__bluetooth__host.a(conn.c.obj)
                0x000000000000a6bc                bt_conn_recv
 .text.bt_conn_send_cb
                0x000000000000a7b0       0xcc zephyr/subsys/bluetooth/host/libsubsys__bluetooth__host.a(conn.c.obj)
                0x000000000000a7b0                bt_conn_send_cb
 .text.bt_conn_prepare_events
                0x000000000000a87c       0xa4 zephyr/subsys/bluetooth/host/libsubsys__bluetooth__host.a(conn.c.obj)
                0x000000000000a87c                bt_conn_prepare_events
 .text.bt_conn_set_state
                0x000000000000a920      0x218 zephyr/subsys/bluetooth/host/libsubsys__bluetooth__host.a(conn.c.obj)
                0x000000000000a920                bt_conn_set_state
 .text.bt_conn_lookup_handle
                0x000000000000ab38       0x40 zephyr/subsys/bluetooth/host/libsubsys__bluetooth__host.a(conn.c.obj)
                0x000000000000ab38                bt_conn_lookup_handle
 .text.bt_conn_foreach
                0x000000000000ab78       0x40 zephyr/subsys/bluetooth/host/libsubsys__bluetooth__host.a(conn.c.obj)
                0x000000000000ab78                bt_conn_foreach
 .text.bt_conn_index
                0x000000000000abb8       0x18 zephyr/subsys/bluetooth/host/libsubsys__bluetooth__host.a(conn.c.obj)
                0x000000000000abb8                bt_conn_index
 .text.bt_conn_create_pdu_timeout
                0x000000000000abd0       0x2c zephyr/subsys/bluetooth/host/libsubsys__bluetooth__host.a(conn.c.obj)
                0x000000000000abd0                bt_conn_create_pdu_timeout
 .text.notify_le_param_updated
                0x000000000000abfc       0x80 zephyr/subsys/bluetooth/host/libsubsys__bluetooth__host.a(conn.c.obj)
                0x000000000000abfc                notify_le_param_updated
 .text.le_param_req
                0x000000000000ac7c       0x74 zephyr/subsys/bluetooth/host/libsubsys__bluetooth__host.a(conn.c.obj)
                0x000000000000ac7c                le_param_req
 .text.bt_conn_identity_resolved
                0x000000000000acf0       0x5c zephyr/subsys/bluetooth/host/libsubsys__bluetooth__host.a(conn.c.obj)
                0x000000000000acf0                bt_conn_identity_resolved
 .text.bt_conn_security_changed
                0x000000000000ad4c       0x4c zephyr/subsys/bluetooth/host/libsubsys__bluetooth__host.a(conn.c.obj)
                0x000000000000ad4c                bt_conn_security_changed
 .text.bt_conn_cb_register
                0x000000000000ad98       0x10 zephyr/subsys/bluetooth/host/libsubsys__bluetooth__host.a(conn.c.obj)
                0x000000000000ad98                bt_conn_cb_register
 .text.bt_conn_add_le
                0x000000000000ada8       0x3c zephyr/subsys/bluetooth/host/libsubsys__bluetooth__host.a(conn.c.obj)
                0x000000000000ada8                bt_conn_add_le
 .text.bt_conn_lookup_addr_le
                0x000000000000ade4       0x48 zephyr/subsys/bluetooth/host/libsubsys__bluetooth__host.a(conn.c.obj)
                0x000000000000ade4                bt_conn_lookup_addr_le
 .text.bt_conn_exists_le
                0x000000000000ae2c       0x70 zephyr/subsys/bluetooth/host/libsubsys__bluetooth__host.a(conn.c.obj)
                0x000000000000ae2c                bt_conn_exists_le
 .text.bt_conn_lookup_state_le
                0x000000000000ae9c       0x5c zephyr/subsys/bluetooth/host/libsubsys__bluetooth__host.a(conn.c.obj)
                0x000000000000ae9c                bt_conn_lookup_state_le
 .text.bt_conn_get_info
                0x000000000000aef8       0xac zephyr/subsys/bluetooth/host/libsubsys__bluetooth__host.a(conn.c.obj)
                0x000000000000aef8                bt_conn_get_info
 .text.send_conn_le_param_update
                0x000000000000afa4       0x68 zephyr/subsys/bluetooth/host/libsubsys__bluetooth__host.a(conn.c.obj)
 .text.deferred_work
                0x000000000000b00c       0xf0 zephyr/subsys/bluetooth/host/libsubsys__bluetooth__host.a(conn.c.obj)
 .text.bt_conn_create_frag_timeout
                0x000000000000b0fc        0xc zephyr/subsys/bluetooth/host/libsubsys__bluetooth__host.a(conn.c.obj)
                0x000000000000b0fc                bt_conn_create_frag_timeout
 .text.bt_conn_process_tx
                0x000000000000b108      0x114 zephyr/subsys/bluetooth/host/libsubsys__bluetooth__host.a(conn.c.obj)
                0x000000000000b108                bt_conn_process_tx
 .text.bt_conn_auth_cb_register
                0x000000000000b21c       0x34 zephyr/subsys/bluetooth/host/libsubsys__bluetooth__host.a(conn.c.obj)
                0x000000000000b21c                bt_conn_auth_cb_register
 .text.bt_conn_auth_info_cb_register
                0x000000000000b250       0x28 zephyr/subsys/bluetooth/host/libsubsys__bluetooth__host.a(conn.c.obj)
                0x000000000000b250                bt_conn_auth_info_cb_register
 .text.bt_conn_lookup_index
                0x000000000000b278       0x1c zephyr/subsys/bluetooth/host/libsubsys__bluetooth__host.a(conn.c.obj)
                0x000000000000b278                bt_conn_lookup_index
 .text.bt_conn_init
                0x000000000000b294       0x3c zephyr/subsys/bluetooth/host/libsubsys__bluetooth__host.a(conn.c.obj)
                0x000000000000b294                bt_conn_init
 .text.get_ident
                0x000000000000b2d0       0x18 zephyr/subsys/bluetooth/host/libsubsys__bluetooth__host.a(l2cap.c.obj)
 .text.l2cap_chan_destroy
                0x000000000000b2e8       0x80 zephyr/subsys/bluetooth/host/libsubsys__bluetooth__host.a(l2cap.c.obj)
 .text.free_tx_meta_data
                0x000000000000b368       0x1c zephyr/subsys/bluetooth/host/libsubsys__bluetooth__host.a(l2cap.c.obj)
 .text.l2cap_create_le_sig_pdu.part.0
                0x000000000000b384       0x1c zephyr/subsys/bluetooth/host/libsubsys__bluetooth__host.a(l2cap.c.obj)
 .text.l2cap_create_le_sig_pdu.constprop.0
                0x000000000000b3a0       0x44 zephyr/subsys/bluetooth/host/libsubsys__bluetooth__host.a(l2cap.c.obj)
 .text.l2cap_chan_rx_init
                0x000000000000b3e4       0x54 zephyr/subsys/bluetooth/host/libsubsys__bluetooth__host.a(l2cap.c.obj)
 .text.l2cap_chan_tx_init
                0x000000000000b438       0x38 zephyr/subsys/bluetooth/host/libsubsys__bluetooth__host.a(l2cap.c.obj)
 .text.l2cap_accept.part.0
                0x000000000000b470       0x30 zephyr/subsys/bluetooth/host/libsubsys__bluetooth__host.a(l2cap.c.obj)
 .text.l2cap_accept
                0x000000000000b4a0       0x38 zephyr/subsys/bluetooth/host/libsubsys__bluetooth__host.a(l2cap.c.obj)
 .text.bt_l2cap_register_ecred_cb
                0x000000000000b4d8        0xc zephyr/subsys/bluetooth/host/libsubsys__bluetooth__host.a(l2cap.c.obj)
                0x000000000000b4d8                bt_l2cap_register_ecred_cb
 .text.l2cap_rtx_timeout
                0x000000000000b4e4       0x58 zephyr/subsys/bluetooth/host/libsubsys__bluetooth__host.a(l2cap.c.obj)
 .text.l2cap_chan_le_send
                0x000000000000b53c      0x1a8 zephyr/subsys/bluetooth/host/libsubsys__bluetooth__host.a(l2cap.c.obj)
 .text.l2cap_chan_send_credits
                0x000000000000b6e4       0xc8 zephyr/subsys/bluetooth/host/libsubsys__bluetooth__host.a(l2cap.c.obj)
 .text.l2cap_chan_add
                0x000000000000b7ac       0x98 zephyr/subsys/bluetooth/host/libsubsys__bluetooth__host.a(l2cap.c.obj)
 .text.bt_l2cap_connected
                0x000000000000b844       0x68 zephyr/subsys/bluetooth/host/libsubsys__bluetooth__host.a(l2cap.c.obj)
                0x000000000000b844                bt_l2cap_connected
 .text.l2cap_chan_accept.part.0
                0x000000000000b8ac       0xb0 zephyr/subsys/bluetooth/host/libsubsys__bluetooth__host.a(l2cap.c.obj)
 .text.bt_l2cap_server_lookup_psm
                0x000000000000b95c       0x1c zephyr/subsys/bluetooth/host/libsubsys__bluetooth__host.a(l2cap.c.obj)
                0x000000000000b95c                bt_l2cap_server_lookup_psm
 .text.bt_l2cap_server_register
                0x000000000000b978       0x80 zephyr/subsys/bluetooth/host/libsubsys__bluetooth__host.a(l2cap.c.obj)
                0x000000000000b978                bt_l2cap_server_register
 .text.bt_l2cap_init
                0x000000000000b9f8       0x34 zephyr/subsys/bluetooth/host/libsubsys__bluetooth__host.a(l2cap.c.obj)
                0x000000000000b9f8                bt_l2cap_init
 .text.bt_l2cap_ecred_chan_connect
                0x000000000000ba2c       0x94 zephyr/subsys/bluetooth/host/libsubsys__bluetooth__host.a(l2cap.c.obj)
                0x000000000000ba2c                bt_l2cap_ecred_chan_connect
 .text.l2cap_chan_le_recv_seg
                0x000000000000bac0       0xf4 zephyr/subsys/bluetooth/host/libsubsys__bluetooth__host.a(l2cap.c.obj)
 .text.l2cap_chan_le_recv
                0x000000000000bbb4      0x128 zephyr/subsys/bluetooth/host/libsubsys__bluetooth__host.a(l2cap.c.obj)
 .text.bt_l2cap_recv
                0x000000000000bcdc       0xbc zephyr/subsys/bluetooth/host/libsubsys__bluetooth__host.a(l2cap.c.obj)
                0x000000000000bcdc                bt_l2cap_recv
 .text.l2cap_recv.part.0
                0x000000000000bd98      0x878 zephyr/subsys/bluetooth/host/libsubsys__bluetooth__host.a(l2cap.c.obj)
 .text.l2cap_recv
                0x000000000000c610       0x24 zephyr/subsys/bluetooth/host/libsubsys__bluetooth__host.a(l2cap.c.obj)
 .text.bt_l2cap_chan_send_cb
                0x000000000000c634       0xf4 zephyr/subsys/bluetooth/host/libsubsys__bluetooth__host.a(l2cap.c.obj)
                0x000000000000c634                bt_l2cap_chan_send_cb
 .text.att_op_get_type
                0x000000000000c728       0x74 zephyr/subsys/bluetooth/host/libsubsys__bluetooth__host.a(att.c.obj)
 .text.att_get  0x000000000000c79c       0x4c zephyr/subsys/bluetooth/host/libsubsys__bluetooth__host.a(att.c.obj)
 .text.bt_att_released
                0x000000000000c7e8       0x10 zephyr/subsys/bluetooth/host/libsubsys__bluetooth__host.a(att.c.obj)
 .text.tx_meta_data_free
                0x000000000000c7f8       0x1c zephyr/subsys/bluetooth/host/libsubsys__bluetooth__host.a(att.c.obj)
 .text.eatt_auto_connect.part.0
                0x000000000000c814       0x54 zephyr/subsys/bluetooth/host/libsubsys__bluetooth__host.a(att.c.obj)
 .text.read_group_cb
                0x000000000000c868       0xb8 zephyr/subsys/bluetooth/host/libsubsys__bluetooth__host.a(att.c.obj)
 .text.chan_send
                0x000000000000c920      0x174 zephyr/subsys/bluetooth/host/libsubsys__bluetooth__host.a(att.c.obj)
 .text.tx_meta_data_alloc
                0x000000000000ca94       0x30 zephyr/subsys/bluetooth/host/libsubsys__bluetooth__host.a(att.c.obj)
 .text.bt_att_chan_create_pdu
                0x000000000000cac4       0xb8 zephyr/subsys/bluetooth/host/libsubsys__bluetooth__host.a(att.c.obj)
 .text.read_type_cb
                0x000000000000cb7c       0xac zephyr/subsys/bluetooth/host/libsubsys__bluetooth__host.a(att.c.obj)
 .text.handle_potential_collision
                0x000000000000cc28       0x48 zephyr/subsys/bluetooth/host/libsubsys__bluetooth__host.a(att.c.obj)
 .text.find_type_cb
                0x000000000000cc70      0x164 zephyr/subsys/bluetooth/host/libsubsys__bluetooth__host.a(att.c.obj)
 .text.att_chan_new
                0x000000000000cdd4       0xe4 zephyr/subsys/bluetooth/host/libsubsys__bluetooth__host.a(att.c.obj)
 .text.bt_att_accept
                0x000000000000ceb8       0xa8 zephyr/subsys/bluetooth/host/libsubsys__bluetooth__host.a(att.c.obj)
 .text.bt_att_connected
                0x000000000000cf60       0x38 zephyr/subsys/bluetooth/host/libsubsys__bluetooth__host.a(att.c.obj)
 .text.bt_att_recv
                0x000000000000cf98      0x110 zephyr/subsys/bluetooth/host/libsubsys__bluetooth__host.a(att.c.obj)
 .text.att_write_rsp.constprop.0
                0x000000000000d0a8       0xc8 zephyr/subsys/bluetooth/host/libsubsys__bluetooth__host.a(att.c.obj)
 .text.bt_att_create_pdu
                0x000000000000d170       0x6c zephyr/subsys/bluetooth/host/libsubsys__bluetooth__host.a(att.c.obj)
                0x000000000000d170                bt_att_create_pdu
 .text.bt_att_create_rsp_pdu
                0x000000000000d1dc       0x7c zephyr/subsys/bluetooth/host/libsubsys__bluetooth__host.a(att.c.obj)
                0x000000000000d1dc                bt_att_create_rsp_pdu
 .text.att_read_group_req
                0x000000000000d258       0xfc zephyr/subsys/bluetooth/host/libsubsys__bluetooth__host.a(att.c.obj)
 .text.att_read_mult_vl_req
                0x000000000000d354       0xa8 zephyr/subsys/bluetooth/host/libsubsys__bluetooth__host.a(att.c.obj)
 .text.att_read_mult_req
                0x000000000000d3fc       0xa8 zephyr/subsys/bluetooth/host/libsubsys__bluetooth__host.a(att.c.obj)
 .text.att_read_rsp
                0x000000000000d4a4       0x9c zephyr/subsys/bluetooth/host/libsubsys__bluetooth__host.a(att.c.obj)
 .text.att_read_type_req
                0x000000000000d540       0xc8 zephyr/subsys/bluetooth/host/libsubsys__bluetooth__host.a(att.c.obj)
 .text.att_find_type_req
                0x000000000000d608       0xcc zephyr/subsys/bluetooth/host/libsubsys__bluetooth__host.a(att.c.obj)
 .text.att_find_info_req
                0x000000000000d6d4       0x74 zephyr/subsys/bluetooth/host/libsubsys__bluetooth__host.a(att.c.obj)
 .text.att_enhanced_connection_work_handler
                0x000000000000d748       0x38 zephyr/subsys/bluetooth/host/libsubsys__bluetooth__host.a(att.c.obj)
 .text.bt_att_init
                0x000000000000d780       0x68 zephyr/subsys/bluetooth/host/libsubsys__bluetooth__host.a(att.c.obj)
                0x000000000000d780                bt_att_init
 .text.bt_att_req_alloc
                0x000000000000d7e8       0x50 zephyr/subsys/bluetooth/host/libsubsys__bluetooth__host.a(att.c.obj)
                0x000000000000d7e8                bt_att_req_alloc
 .text.bt_att_req_free
                0x000000000000d838       0x28 zephyr/subsys/bluetooth/host/libsubsys__bluetooth__host.a(att.c.obj)
                0x000000000000d838                bt_att_req_free
 .text.att_handle_rsp
                0x000000000000d860       0x84 zephyr/subsys/bluetooth/host/libsubsys__bluetooth__host.a(att.c.obj)
 .text.bt_att_disconnected
                0x000000000000d8e4       0xdc zephyr/subsys/bluetooth/host/libsubsys__bluetooth__host.a(att.c.obj)
 .text.att_timeout
                0x000000000000d9c0       0xc8 zephyr/subsys/bluetooth/host/libsubsys__bluetooth__host.a(att.c.obj)
 .text.find_cf_cfg_by_addr
                0x000000000000da88       0x38 zephyr/subsys/bluetooth/host/libsubsys__bluetooth__host.a(gatt.c.obj)
 .text.gatt_delayed_store_find
                0x000000000000dac0       0x38 zephyr/subsys/bluetooth/host/libsubsys__bluetooth__host.a(gatt.c.obj)
 .text.find_sc_cfg
                0x000000000000daf8       0x38 zephyr/subsys/bluetooth/host/libsubsys__bluetooth__host.a(gatt.c.obj)
 .text.db_hash_set
                0x000000000000db30       0x30 zephyr/subsys/bluetooth/host/libsubsys__bluetooth__host.a(gatt.c.obj)
 .text.db_hash_store
                0x000000000000db60       0x2c zephyr/subsys/bluetooth/host/libsubsys__bluetooth__host.a(gatt.c.obj)
 .text.find_cf_cfg
                0x000000000000db8c       0x44 zephyr/subsys/bluetooth/host/libsubsys__bluetooth__host.a(gatt.c.obj)
 .text.find_ccc_cfg
                0x000000000000dbd0       0x38 zephyr/subsys/bluetooth/host/libsubsys__bluetooth__host.a(gatt.c.obj)
 .text.sc_store
                0x000000000000dc08       0x30 zephyr/subsys/bluetooth/host/libsubsys__bluetooth__host.a(gatt.c.obj)
 .text.bt_gatt_service_init
                0x000000000000dc38       0x3c zephyr/subsys/bluetooth/host/libsubsys__bluetooth__host.a(gatt.c.obj)
 .text.gatt_delayed_store_enqueue
                0x000000000000dc74       0x78 zephyr/subsys/bluetooth/host/libsubsys__bluetooth__host.a(gatt.c.obj)
 .text.ccc_load
                0x000000000000dcec       0x8c zephyr/subsys/bluetooth/host/libsubsys__bluetooth__host.a(gatt.c.obj)
 .text.sc_save  0x000000000000dd78       0x78 zephyr/subsys/bluetooth/host/libsubsys__bluetooth__host.a(gatt.c.obj)
 .text.bt_gatt_clear_sc
                0x000000000000ddf0       0x34 zephyr/subsys/bluetooth/host/libsubsys__bluetooth__host.a(gatt.c.obj)
 .text.sc_clear
                0x000000000000de24       0x48 zephyr/subsys/bluetooth/host/libsubsys__bluetooth__host.a(gatt.c.obj)
 .text.ccc_set_direct.part.0
                0x000000000000de6c       0x1c zephyr/subsys/bluetooth/host/libsubsys__bluetooth__host.a(gatt.c.obj)
 .text.read_ppcp
                0x000000000000de88       0x28 zephyr/subsys/bluetooth/host/libsubsys__bluetooth__host.a(gatt.c.obj)
 .text.remove_peer_from_attr
                0x000000000000deb0       0x28 zephyr/subsys/bluetooth/host/libsubsys__bluetooth__host.a(gatt.c.obj)
 .text.convert_to_id_on_match
                0x000000000000ded8       0x34 zephyr/subsys/bluetooth/host/libsubsys__bluetooth__host.a(gatt.c.obj)
 .text.ccc_save
                0x000000000000df0c       0x38 zephyr/subsys/bluetooth/host/libsubsys__bluetooth__host.a(gatt.c.obj)
 .text.sc_indicate.part.0
                0x000000000000df44       0x10 zephyr/subsys/bluetooth/host/libsubsys__bluetooth__host.a(gatt.c.obj)
 .text.sc_commit
                0x000000000000df54       0x2c zephyr/subsys/bluetooth/host/libsubsys__bluetooth__host.a(gatt.c.obj)
 .text.clear_cf_cfg
                0x000000000000df80       0x28 zephyr/subsys/bluetooth/host/libsubsys__bluetooth__host.a(gatt.c.obj)
 .text.bt_gatt_store_cf.isra.0
                0x000000000000dfa8       0x4c zephyr/subsys/bluetooth/host/libsubsys__bluetooth__host.a(gatt.c.obj)
 .text.sc_set   0x000000000000dff4      0x118 zephyr/subsys/bluetooth/host/libsubsys__bluetooth__host.a(gatt.c.obj)
 .text.disconnected_cb
                0x000000000000e10c       0xb4 zephyr/subsys/bluetooth/host/libsubsys__bluetooth__host.a(gatt.c.obj)
 .text.bt_gatt_attr_write_ccc
                0x000000000000e1c0       0xcc zephyr/subsys/bluetooth/host/libsubsys__bluetooth__host.a(gatt.c.obj)
                0x000000000000e1c0                bt_gatt_attr_write_ccc
 .text.sc_indicate
                0x000000000000e28c       0x4c zephyr/subsys/bluetooth/host/libsubsys__bluetooth__host.a(gatt.c.obj)
 .text.set_all_change_unaware
                0x000000000000e2d8       0x38 zephyr/subsys/bluetooth/host/libsubsys__bluetooth__host.a(gatt.c.obj)
 .text.cf_write
                0x000000000000e310       0x98 zephyr/subsys/bluetooth/host/libsubsys__bluetooth__host.a(gatt.c.obj)
 .text.sc_indicate_rsp
                0x000000000000e3a8       0x4c zephyr/subsys/bluetooth/host/libsubsys__bluetooth__host.a(gatt.c.obj)
 .text.db_changed
                0x000000000000e3f4       0x74 zephyr/subsys/bluetooth/host/libsubsys__bluetooth__host.a(gatt.c.obj)
 .text.cf_set   0x000000000000e468      0x144 zephyr/subsys/bluetooth/host/libsubsys__bluetooth__host.a(gatt.c.obj)
 .text.bt_gatt_init
                0x000000000000e5ac       0x78 zephyr/subsys/bluetooth/host/libsubsys__bluetooth__host.a(gatt.c.obj)
                0x000000000000e5ac                bt_gatt_init
 .text.bt_gatt_attr_get_handle
                0x000000000000e624       0x60 zephyr/subsys/bluetooth/host/libsubsys__bluetooth__host.a(gatt.c.obj)
                0x000000000000e624                bt_gatt_attr_get_handle
 .text.bt_gatt_foreach_attr_type
                0x000000000000e684       0xf4 zephyr/subsys/bluetooth/host/libsubsys__bluetooth__host.a(gatt.c.obj)
                0x000000000000e684                bt_gatt_foreach_attr_type
 .text.db_hash_gen
                0x000000000000e778       0x80 zephyr/subsys/bluetooth/host/libsubsys__bluetooth__host.a(gatt.c.obj)
 .text.db_hash_read
                0x000000000000e7f8       0x74 zephyr/subsys/bluetooth/host/libsubsys__bluetooth__host.a(gatt.c.obj)
 .text.do_db_hash
                0x000000000000e86c       0x7c zephyr/subsys/bluetooth/host/libsubsys__bluetooth__host.a(gatt.c.obj)
 .text.db_hash_commit
                0x000000000000e8e8       0x18 zephyr/subsys/bluetooth/host/libsubsys__bluetooth__host.a(gatt.c.obj)
 .text.bt_gatt_service_register
                0x000000000000e900      0x1b0 zephyr/subsys/bluetooth/host/libsubsys__bluetooth__host.a(gatt.c.obj)
                0x000000000000e900                bt_gatt_service_register
 .text.ccc_set_direct
                0x000000000000eab0      0x108 zephyr/subsys/bluetooth/host/libsubsys__bluetooth__host.a(gatt.c.obj)
 .text.bt_gatt_attr_next
                0x000000000000ebb8       0x24 zephyr/subsys/bluetooth/host/libsubsys__bluetooth__host.a(gatt.c.obj)
                0x000000000000ebb8                bt_gatt_attr_next
 .text.gatt_indicate
                0x000000000000ebdc       0xf0 zephyr/subsys/bluetooth/host/libsubsys__bluetooth__host.a(gatt.c.obj)
 .text.bt_gatt_indicate
                0x000000000000eccc       0xf0 zephyr/subsys/bluetooth/host/libsubsys__bluetooth__host.a(gatt.c.obj)
                0x000000000000eccc                bt_gatt_indicate
 .text.sc_process
                0x000000000000edbc       0x60 zephyr/subsys/bluetooth/host/libsubsys__bluetooth__host.a(gatt.c.obj)
 .text.update_ccc
                0x000000000000ee1c      0x12c zephyr/subsys/bluetooth/host/libsubsys__bluetooth__host.a(gatt.c.obj)
 .text.gatt_notify
                0x000000000000ef48       0xbc zephyr/subsys/bluetooth/host/libsubsys__bluetooth__host.a(gatt.c.obj)
 .text.bt_gatt_notify_cb
                0x000000000000f004       0xe8 zephyr/subsys/bluetooth/host/libsubsys__bluetooth__host.a(gatt.c.obj)
                0x000000000000f004                bt_gatt_notify_cb
 .text.notify_cb
                0x000000000000f0ec      0x13c zephyr/subsys/bluetooth/host/libsubsys__bluetooth__host.a(gatt.c.obj)
 .text.bt_gatt_connected
                0x000000000000f228       0x90 zephyr/subsys/bluetooth/host/libsubsys__bluetooth__host.a(gatt.c.obj)
                0x000000000000f228                bt_gatt_connected
 .text.bt_gatt_att_max_mtu_changed
                0x000000000000f2b8       0x28 zephyr/subsys/bluetooth/host/libsubsys__bluetooth__host.a(gatt.c.obj)
                0x000000000000f2b8                bt_gatt_att_max_mtu_changed
 .text.bt_gatt_encrypt_change
                0x000000000000f2e0       0x38 zephyr/subsys/bluetooth/host/libsubsys__bluetooth__host.a(gatt.c.obj)
                0x000000000000f2e0                bt_gatt_encrypt_change
 .text.bt_gatt_store_ccc
                0x000000000000f318       0x58 zephyr/subsys/bluetooth/host/libsubsys__bluetooth__host.a(gatt.c.obj)
                0x000000000000f318                bt_gatt_store_ccc
 .text.bt_gatt_identity_resolved
                0x000000000000f370       0x5c zephyr/subsys/bluetooth/host/libsubsys__bluetooth__host.a(gatt.c.obj)
 .text.bt_gatt_disconnected
                0x000000000000f3cc       0x78 zephyr/subsys/bluetooth/host/libsubsys__bluetooth__host.a(gatt.c.obj)
                0x000000000000f3cc                bt_gatt_disconnected
 .text.smp_find
                0x000000000000f444       0x28 zephyr/subsys/bluetooth/host/libsubsys__bluetooth__host.a(smp.c.obj)
 .text.latch_auth_cb
                0x000000000000f46c       0x2c zephyr/subsys/bluetooth/host/libsubsys__bluetooth__host.a(smp.c.obj)
 .text.get_io_capa
                0x000000000000f498       0x4c zephyr/subsys/bluetooth/host/libsubsys__bluetooth__host.a(smp.c.obj)
 .text.smp_chan_get.part.0
                0x000000000000f4e4       0x18 zephyr/subsys/bluetooth/host/libsubsys__bluetooth__host.a(smp.c.obj)
 .text.bt_smp_pkey_ready.part.0
                0x000000000000f4fc       0x14 zephyr/subsys/bluetooth/host/libsubsys__bluetooth__host.a(smp.c.obj)
 .text.smp_send.constprop.0
                0x000000000000f510       0x48 zephyr/subsys/bluetooth/host/libsubsys__bluetooth__host.a(smp.c.obj)
 .text.smp_init
                0x000000000000f558       0x38 zephyr/subsys/bluetooth/host/libsubsys__bluetooth__host.a(smp.c.obj)
 .text.smp_dhkey_generate
                0x000000000000f590       0x3c zephyr/subsys/bluetooth/host/libsubsys__bluetooth__host.a(smp.c.obj)
 .text.smp_send_pairing_confirm
                0x000000000000f5cc       0x90 zephyr/subsys/bluetooth/host/libsubsys__bluetooth__host.a(smp.c.obj)
 .text.smp_public_key_periph
                0x000000000000f65c      0x15c zephyr/subsys/bluetooth/host/libsubsys__bluetooth__host.a(smp.c.obj)
 .text.smp_public_key
                0x000000000000f7b8       0x98 zephyr/subsys/bluetooth/host/libsubsys__bluetooth__host.a(smp.c.obj)
 .text.compute_and_check_and_send_periph_dhcheck
                0x000000000000f850      0x184 zephyr/subsys/bluetooth/host/libsubsys__bluetooth__host.a(smp.c.obj)
 .text.get_auth
                0x000000000000f9d4       0x58 zephyr/subsys/bluetooth/host/libsubsys__bluetooth__host.a(smp.c.obj)
 .text.smp_pairing_req
                0x000000000000fa2c      0x378 zephyr/subsys/bluetooth/host/libsubsys__bluetooth__host.a(smp.c.obj)
 .text.bt_smp_connected
                0x000000000000fda4       0x48 zephyr/subsys/bluetooth/host/libsubsys__bluetooth__host.a(smp.c.obj)
 .text.bt_smp_accept.part.0
                0x000000000000fdec       0x30 zephyr/subsys/bluetooth/host/libsubsys__bluetooth__host.a(smp.c.obj)
 .text.bt_smp_accept
                0x000000000000fe1c       0x48 zephyr/subsys/bluetooth/host/libsubsys__bluetooth__host.a(smp.c.obj)
 .text.smp_ident_info
                0x000000000000fe64       0x8c zephyr/subsys/bluetooth/host/libsubsys__bluetooth__host.a(smp.c.obj)
 .text.smp_encrypt_info
                0x000000000000fef0       0x8c zephyr/subsys/bluetooth/host/libsubsys__bluetooth__host.a(smp.c.obj)
 .text.smp_pairing_confirm
                0x000000000000ff7c       0x84 zephyr/subsys/bluetooth/host/libsubsys__bluetooth__host.a(smp.c.obj)
 .text.smp_pairing_random
                0x0000000000010000      0x214 zephyr/subsys/bluetooth/host/libsubsys__bluetooth__host.a(smp.c.obj)
 .text.bt_smp_start_security
                0x0000000000010214      0x18c zephyr/subsys/bluetooth/host/libsubsys__bluetooth__host.a(smp.c.obj)
                0x0000000000010214                bt_smp_start_security
 .text.smp_pairing_complete
                0x00000000000103a0      0x12c zephyr/subsys/bluetooth/host/libsubsys__bluetooth__host.a(smp.c.obj)
 .text.smp_error
                0x00000000000104cc       0xa8 zephyr/subsys/bluetooth/host/libsubsys__bluetooth__host.a(smp.c.obj)
 .text.bt_smp_recv
                0x0000000000010574       0xe4 zephyr/subsys/bluetooth/host/libsubsys__bluetooth__host.a(smp.c.obj)
 .text.bt_smp_pkey_ready
                0x0000000000010658       0x4c zephyr/subsys/bluetooth/host/libsubsys__bluetooth__host.a(smp.c.obj)
 .text.smp_ident_addr_info
                0x00000000000106a4      0x1bc zephyr/subsys/bluetooth/host/libsubsys__bluetooth__host.a(smp.c.obj)
 .text.smp_central_ident
                0x0000000000010860       0xb0 zephyr/subsys/bluetooth/host/libsubsys__bluetooth__host.a(smp.c.obj)
 .text.smp_pairing_failed
                0x0000000000010910       0x60 zephyr/subsys/bluetooth/host/libsubsys__bluetooth__host.a(smp.c.obj)
 .text.bt_smp_encrypt_change
                0x0000000000010970      0x22c zephyr/subsys/bluetooth/host/libsubsys__bluetooth__host.a(smp.c.obj)
 .text.smp_timeout
                0x0000000000010b9c       0x30 zephyr/subsys/bluetooth/host/libsubsys__bluetooth__host.a(smp.c.obj)
 .text.bt_smp_update_keys
                0x0000000000010bcc      0x140 zephyr/subsys/bluetooth/host/libsubsys__bluetooth__host.a(smp.c.obj)
                0x0000000000010bcc                bt_smp_update_keys
 .text.bt_smp_init
                0x0000000000010d0c       0x2c zephyr/subsys/bluetooth/host/libsubsys__bluetooth__host.a(smp.c.obj)
                0x0000000000010d0c                bt_smp_init
 .text.bt_keys_get_addr
                0x0000000000010d38       0x4c zephyr/subsys/bluetooth/host/libsubsys__bluetooth__host.a(keys.c.obj)
                0x0000000000010d38                bt_keys_get_addr
 .text.bt_keys_foreach_type
                0x0000000000010d84       0x20 zephyr/subsys/bluetooth/host/libsubsys__bluetooth__host.a(keys.c.obj)
                0x0000000000010d84                bt_keys_foreach_type
 .text.keys_commit
                0x0000000000010da4       0x14 zephyr/subsys/bluetooth/host/libsubsys__bluetooth__host.a(keys.c.obj)
 .text.bt_keys_find
                0x0000000000010db8       0x38 zephyr/subsys/bluetooth/host/libsubsys__bluetooth__host.a(keys.c.obj)
                0x0000000000010db8                bt_keys_find
 .text.bt_keys_find_irk
                0x0000000000010df0       0x80 zephyr/subsys/bluetooth/host/libsubsys__bluetooth__host.a(keys.c.obj)
                0x0000000000010df0                bt_keys_find_irk
 .text.bt_keys_find_addr
                0x0000000000010e70       0x24 zephyr/subsys/bluetooth/host/libsubsys__bluetooth__host.a(keys.c.obj)
                0x0000000000010e70                bt_keys_find_addr
 .text.keys_set
                0x0000000000010e94      0x170 zephyr/subsys/bluetooth/host/libsubsys__bluetooth__host.a(keys.c.obj)
 .text.bt_keys_store
                0x0000000000011004       0x30 zephyr/subsys/bluetooth/host/libsubsys__bluetooth__host.a(keys.c.obj)
                0x0000000000011004                bt_keys_store
 .text.bt_crypto_f5
                0x0000000000011034       0xd0 zephyr/subsys/bluetooth/crypto/libsubsys__bluetooth__crypto.a(bt_crypto.c.obj)
                0x0000000000011034                bt_crypto_f5
 .text.bt_crypto_g2
                0x0000000000011104       0x5c zephyr/subsys/bluetooth/crypto/libsubsys__bluetooth__crypto.a(bt_crypto.c.obj)
                0x0000000000011104                bt_crypto_g2
 .text.net_buf_destroy
                0x0000000000011160       0x38 zephyr/subsys/net/libsubsys__net.a(buf.c.obj)
 .text.net_buf_pool_get
                0x0000000000011198       0x10 zephyr/subsys/net/libsubsys__net.a(buf.c.obj)
                0x0000000000011198                net_buf_pool_get
 .text.net_buf_id
                0x00000000000111a8       0x20 zephyr/subsys/net/libsubsys__net.a(buf.c.obj)
                0x00000000000111a8                net_buf_id
 .text.fixed_data_alloc
                0x00000000000111c8       0x30 zephyr/subsys/net/libsubsys__net.a(buf.c.obj)
 .text.net_buf_alloc_len
                0x00000000000111f8       0xf4 zephyr/subsys/net/libsubsys__net.a(buf.c.obj)
                0x00000000000111f8                net_buf_alloc_len
 .text.net_buf_unref
                0x00000000000112ec       0x38 zephyr/subsys/net/libsubsys__net.a(buf.c.obj)
                0x00000000000112ec                net_buf_unref
 .text.net_buf_append_bytes
                0x0000000000011324       0x84 zephyr/subsys/net/libsubsys__net.a(buf.c.obj)
                0x0000000000011324                net_buf_append_bytes
 .text.bt_ipc_send
                0x00000000000113a8       0x54 zephyr/drivers/bluetooth/libdrivers__bluetooth.a(ipc.c.obj)
 .text.bt_ipc_init
                0x00000000000113fc       0x28 zephyr/drivers/bluetooth/libdrivers__bluetooth.a(ipc.c.obj)
 .text.hci_ept_bound
                0x0000000000011424        0xc zephyr/drivers/bluetooth/libdrivers__bluetooth.a(ipc.c.obj)
 .text.bt_ipc_open.part.0
                0x0000000000011430       0x6c zephyr/drivers/bluetooth/libdrivers__bluetooth.a(ipc.c.obj)
 .text.hci_ept_recv
                0x000000000001149c      0x1d4 zephyr/drivers/bluetooth/libdrivers__bluetooth.a(ipc.c.obj)
 .text.bt_ipc_open
                0x0000000000011670       0x2c zephyr/drivers/bluetooth/libdrivers__bluetooth.a(ipc.c.obj)
 .text.bt_ipc_close.part.0
                0x000000000001169c       0x54 zephyr/drivers/bluetooth/libdrivers__bluetooth.a(ipc.c.obj)
 .text.bt_ipc_close
                0x00000000000116f0       0x30 zephyr/drivers/bluetooth/libdrivers__bluetooth.a(ipc.c.obj)
 .text.bt_hci_transport_setup
                0x0000000000011720       0x18 zephyr/drivers/bluetooth/libdrivers__bluetooth.a(nrf53_support.c.obj)
                0x0000000000011720                bt_hci_transport_setup
 .text.onoff_stop
                0x0000000000011738       0x30 zephyr/drivers/clock_control/libdrivers__clock_control.a(clock_control_nrf.c.obj)
 .text.onoff_start
                0x0000000000011768       0x44 zephyr/drivers/clock_control/libdrivers__clock_control.a(clock_control_nrf.c.obj)
 .text.clk_init
                0x00000000000117ac       0x64 zephyr/drivers/clock_control/libdrivers__clock_control.a(clock_control_nrf.c.obj)
 .text.clkstarted_handle.constprop.0
                0x0000000000011810       0x34 zephyr/drivers/clock_control/libdrivers__clock_control.a(clock_control_nrf.c.obj)
 .text.clock_event_handler
                0x0000000000011844       0x30 zephyr/drivers/clock_control/libdrivers__clock_control.a(clock_control_nrf.c.obj)
 .text.generic_hfclk_start
                0x0000000000011874       0x64 zephyr/drivers/clock_control/libdrivers__clock_control.a(clock_control_nrf.c.obj)
 .text.api_blocking_start
                0x00000000000118d8       0x3c zephyr/drivers/clock_control/libdrivers__clock_control.a(clock_control_nrf.c.obj)
 .text.generic_hfclk_stop
                0x0000000000011914       0x34 zephyr/drivers/clock_control/libdrivers__clock_control.a(clock_control_nrf.c.obj)
 .text.z_nrf_clock_control_lf_on
                0x0000000000011948       0xfc zephyr/drivers/clock_control/libdrivers__clock_control.a(clock_control_nrf.c.obj)